1776325798,,ui,say,==> control-server.amazon-ebs.control_server: Prevalidating any provided VPC information
1776325798,,ui,say,==> control-server.amazon-ebs.control_server: Prevalidating AMI Name: control-server-20260416-074956
1776325798,,ui,say,==> control-server.amazon-ebs.control_server: Found Image ID: ami-05e86b3611c60b0b4
1776325798,,ui,say,==> control-server.amazon-ebs.control_server: Setting public IP address to true on instance without a subnet ID
1776325798,,ui,say,==> control-server.amazon-ebs.control_server: No VPC ID provided%!(PACKER_COMMA) Packer will use the default VPC
1776325798,,ui,say,==> control-server.amazon-ebs.control_server: Inferring subnet from the selected VPC "vpc-0f9f395644f840ac4"
1776325799,,ui,say,==> control-server.amazon-ebs.control_server: Set subnet as "subnet-04193ba62954ee54e"
1776325799,,ui,say,==> control-server.amazon-ebs.control_server: Creating temporary keypair: packer_69e094a4-c6a5-e920-103a-1cfe7f68acdf
1776325799,,ui,say,==> control-server.amazon-ebs.control_server: Creating temporary security group for this instance: packer_69e094a7-576b-1390-87ed-886d928d4394
1776325800,,ui,say,==> control-server.amazon-ebs.control_server: Authorizing access to port 22 from [0.0.0.0/0] in the temporary security groups...
1776325800,,ui,say,==> control-server.amazon-ebs.control_server: Launching a source AWS instance...
1776325800,,ui,say,==> control-server.amazon-ebs.control_server: Adding tag: "Name": "packer-builder-control-server"
1776325800,,ui,say,==> control-server.amazon-ebs.control_server: changing public IP address config to true for instance on subnet "subnet-04193ba62954ee54e"
1776325802,,ui,say,==> control-server.amazon-ebs.control_server: Instance ID: i-07dc52a1b71b2056e
1776325802,,ui,say,==> control-server.amazon-ebs.control_server: Waiting for instance (i-07dc52a1b71b2056e) to become ready...
1776325817,,ui,say,==> control-server.amazon-ebs.control_server: Using SSH communicator to connect: 54.198.237.215
1776325817,,ui,say,==> control-server.amazon-ebs.control_server: Waiting for SSH to become available...
1776325851,,ui,say,==> control-server.amazon-ebs.control_server: Connected to SSH!
1776325851,,ui,say,==> control-server.amazon-ebs.control_server: Uploading ./files/nginx/default.conf => /tmp/nginx-default.conf
1776325851,,ui,say,==> control-server.amazon-ebs.control_server: Uploading ./files/nginx/nginx.conf => /tmp/nginx.conf
1776325851,,ui,say,==> control-server.amazon-ebs.control_server: Uploading ./files/nginx/snippets/ => /tmp/nginx-snippets
1776325852,,ui,say,==> control-server.amazon-ebs.control_server: Uploading ./files/app/ => /tmp/app-config
1776325852,,ui,say,==> control-server.amazon-ebs.control_server: Uploading ./files/systemd/ => /tmp/systemd-units
1776325853,,ui,say,==> control-server.amazon-ebs.control_server: Uploading ./files/scripts/ => /tmp/scripts
1776325853,,ui,say,==> control-server.amazon-ebs.control_server: Provisioning with shell script: /var/folders/5s/5htvl7wx4_3551yjw2wzpxr80000gn/T/packer-shell1135448467
1776325854,,ui,say,==> control-server.amazon-ebs.control_server: >>> Phase 2: System update & base packages
1776325875,,ui,say,==> control-server.amazon-ebs.control_server: Get:1 http://security.ubuntu.com/ubuntu jammy-security InRelease [129 kB]
1776325912,,ui,say,==> control-server.amazon-ebs.control_server: Ign:2 http://security.ubuntu.com/ubuntu jammy-security/main amd64 Packages
1776325932,,ui,say,==> control-server.amazon-ebs.control_server: Ign:3 http://archive.ubuntu.com/ubuntu jammy InRelease
1776325974,,ui,say,==> control-server.amazon-ebs.control_server: Ign:4 http://security.ubuntu.com/ubuntu jammy-security/main Translation-en
1776325996,,ui,say,==> control-server.amazon-ebs.control_server: Ign:5 http://archive.ubuntu.com/ubuntu jammy-updates InRelease
1776326017,,ui,say,==> control-server.amazon-ebs.control_server: Get:6 http://archive.ubuntu.com/ubuntu jammy-backports InRelease [127 kB]
1776326018,,ui,say,==> control-server.amazon-ebs.control_server: Get:3 http://archive.ubuntu.com/ubuntu jammy InRelease [270 kB]
1776326019,,ui,say,==> control-server.amazon-ebs.control_server: Get:5 http://archive.ubuntu.com/ubuntu jammy-updates InRelease [128 kB]
1776326020,,ui,say,==> control-server.amazon-ebs.control_server: Get:7 http://archive.ubuntu.com/ubuntu jammy-backports/main amd64 Packages [69.4 kB]
1776326022,,ui,say,==> control-server.amazon-ebs.control_server: Get:8 http://archive.ubuntu.com/ubuntu jammy-backports/main Translation-en [11.5 kB]
1776326023,,ui,say,==> control-server.amazon-ebs.control_server: Get:9 http://archive.ubuntu.com/ubuntu jammy-backports/main amd64 c-n-f Metadata [412 B]
1776326023,,ui,say,==> control-server.amazon-ebs.control_server: Get:10 http://archive.ubuntu.com/ubuntu jammy-backports/restricted amd64 c-n-f Metadata [116 B]
1776326023,,ui,say,==> control-server.amazon-ebs.control_server: Get:11 http://archive.ubuntu.com/ubuntu jammy-backports/universe amd64 Packages [30.6 kB]
1776326024,,ui,say,==> control-server.amazon-ebs.control_server: Get:12 http://archive.ubuntu.com/ubuntu jammy-backports/universe Translation-en [16.9 kB]
1776326024,,ui,say,==> control-server.amazon-ebs.control_server: Get:13 http://archive.ubuntu.com/ubuntu jammy-backports/universe amd64 c-n-f Metadata [676 B]
1776326026,,ui,say,==> control-server.amazon-ebs.control_server: Get:14 http://archive.ubuntu.com/ubuntu jammy-backports/multiverse amd64 c-n-f Metadata [116 B]
1776326026,,ui,say,==> control-server.amazon-ebs.control_server: Get:15 http://archive.ubuntu.com/ubuntu jammy/main amd64 Packages [1395 kB]
1776326031,,ui,say,==> control-server.amazon-ebs.control_server: Get:16 http://archive.ubuntu.com/ubuntu jammy/main Translation-en [510 kB]
1776326032,,ui,say,==> control-server.amazon-ebs.control_server: Get:17 http://archive.ubuntu.com/ubuntu jammy/main amd64 c-n-f Metadata [30.3 kB]
1776326033,,ui,say,==> control-server.amazon-ebs.control_server: Get:18 http://archive.ubuntu.com/ubuntu jammy/restricted amd64 Packages [129 kB]
1776326034,,ui,say,==> control-server.amazon-ebs.control_server: Get:19 http://archive.ubuntu.com/ubuntu jammy/restricted Translation-en [18.6 kB]
1776326034,,ui,say,==> control-server.amazon-ebs.control_server: Get:20 http://archive.ubuntu.com/ubuntu jammy/restricted amd64 c-n-f Metadata [488 B]
1776326036,,ui,say,==> control-server.amazon-ebs.control_server: Get:21 http://archive.ubuntu.com/ubuntu jammy/universe amd64 Packages [14.1 MB]
1776326037,,ui,say,==> control-server.amazon-ebs.control_server: Ign:22 http://security.ubuntu.com/ubuntu jammy-security/main amd64 c-n-f Metadata
1776326048,,ui,say,==> control-server.amazon-ebs.control_server: Get:23 http://security.ubuntu.com/ubuntu jammy-security/restricted amd64 Packages [5468 kB]
1776326048,,ui,say,==> control-server.amazon-ebs.control_server: Get:24 http://security.ubuntu.com/ubuntu jammy-security/restricted Translation-en [1051 kB]
1776326048,,ui,say,==> control-server.amazon-ebs.control_server: Get:25 http://security.ubuntu.com/ubuntu jammy-security/universe amd64 Packages [1025 kB]
1776326048,,ui,say,==> control-server.amazon-ebs.control_server: Get:26 http://security.ubuntu.com/ubuntu jammy-security/universe Translation-en [226 kB]
1776326048,,ui,say,==> control-server.amazon-ebs.control_server: Get:27 http://security.ubuntu.com/ubuntu jammy-security/universe amd64 c-n-f Metadata [22.8 kB]
1776326048,,ui,say,==> control-server.amazon-ebs.control_server: Get:28 http://security.ubuntu.com/ubuntu jammy-security/multiverse amd64 Packages [51.9 kB]
1776326048,,ui,say,==> control-server.amazon-ebs.control_server: Get:29 http://security.ubuntu.com/ubuntu jammy-security/multiverse Translation-en [10.6 kB]
1776326048,,ui,say,==> control-server.amazon-ebs.control_server: Get:30 http://security.ubuntu.com/ubuntu jammy-security/multiverse amd64 c-n-f Metadata [388 B]
1776326048,,ui,say,==> control-server.amazon-ebs.control_server: Get:2 http://security.ubuntu.com/ubuntu jammy-security/main amd64 Packages [3114 kB]
1776326048,,ui,say,==> control-server.amazon-ebs.control_server: Get:4 http://security.ubuntu.com/ubuntu jammy-security/main Translation-en [445 kB]
1776326048,,ui,say,==> control-server.amazon-ebs.control_server: Get:22 http://security.ubuntu.com/ubuntu jammy-security/main amd64 c-n-f Metadata [14.1 kB]
1776326090,,ui,say,==> control-server.amazon-ebs.control_server: Get:31 http://archive.ubuntu.com/ubuntu jammy/universe Translation-en [5652 kB]
1776326135,,ui,say,==> control-server.amazon-ebs.control_server: Ign:31 http://archive.ubuntu.com/ubuntu jammy/universe Translation-en
1776326178,,ui,say,==> control-server.amazon-ebs.control_server: Get:32 http://archive.ubuntu.com/ubuntu jammy/universe amd64 c-n-f Metadata [286 kB]
1776326178,,ui,say,==> control-server.amazon-ebs.control_server: Get:33 http://archive.ubuntu.com/ubuntu jammy/multiverse amd64 Packages [217 kB]
1776326178,,ui,say,==> control-server.amazon-ebs.control_server: Get:34 http://archive.ubuntu.com/ubuntu jammy/multiverse Translation-en [112 kB]
1776326178,,ui,say,==> control-server.amazon-ebs.control_server: Get:35 http://archive.ubuntu.com/ubuntu jammy/multiverse amd64 c-n-f Metadata [8372 B]
1776326178,,ui,say,==> control-server.amazon-ebs.control_server: Get:36 http://archive.ubuntu.com/ubuntu jammy-updates/main amd64 Packages [3400 kB]
1776326179,,ui,say,==> control-server.amazon-ebs.control_server: Get:37 http://archive.ubuntu.com/ubuntu jammy-updates/main Translation-en [518 kB]
1776326179,,ui,say,==> control-server.amazon-ebs.control_server: Get:38 http://archive.ubuntu.com/ubuntu jammy-updates/main amd64 c-n-f Metadata [19.6 kB]
1776326179,,ui,say,==> control-server.amazon-ebs.control_server: Get:39 http://archive.ubuntu.com/ubuntu jammy-updates/restricted amd64 Packages [5686 kB]
1776326181,,ui,say,==> control-server.amazon-ebs.control_server: Get:40 http://archive.ubuntu.com/ubuntu jammy-updates/restricted Translation-en [1091 kB]
1776326182,,ui,say,==> control-server.amazon-ebs.control_server: Get:41 http://archive.ubuntu.com/ubuntu jammy-updates/restricted amd64 c-n-f Metadata [676 B]
1776326182,,ui,say,==> control-server.amazon-ebs.control_server: Get:42 http://archive.ubuntu.com/ubuntu jammy-updates/universe amd64 Packages [1262 kB]
1776326183,,ui,say,==> control-server.amazon-ebs.control_server: Get:43 http://archive.ubuntu.com/ubuntu jammy-updates/universe Translation-en [316 kB]
1776326184,,ui,say,==> control-server.amazon-ebs.control_server: Get:44 http://archive.ubuntu.com/ubuntu jammy-updates/universe amd64 c-n-f Metadata [30.5 kB]
1776326184,,ui,say,==> control-server.amazon-ebs.control_server: Get:45 http://archive.ubuntu.com/ubuntu jammy-updates/multiverse amd64 Packages [59.0 kB]
1776326184,,ui,say,==> control-server.amazon-ebs.control_server: Get:46 http://archive.ubuntu.com/ubuntu jammy-updates/multiverse Translation-en [13.5 kB]
1776326184,,ui,say,==> control-server.amazon-ebs.control_server: Get:47 http://archive.ubuntu.com/ubuntu jammy-updates/multiverse amd64 c-n-f Metadata [612 B]
1776326184,,ui,say,==> control-server.amazon-ebs.control_server: Get:31 http://archive.ubuntu.com/ubuntu jammy/universe Translation-en [5652 kB]
1776326193,,ui,say,==> control-server.amazon-ebs.control_server: Fetched 42.6 MB in 5min 23s (132 kB/s)
1776326195,,ui,say,==> control-server.amazon-ebs.control_server: Reading package lists...
1776326195,,ui,say,==> control-server.amazon-ebs.control_server: Adding component(s) 'universe' to all repositories.
1776326195,,ui,say,==> control-server.amazon-ebs.control_server: Get:1 http://us-east-1.ec2.archive.ubuntu.com/ubuntu jammy InRelease [270 kB]
1776326195,,ui,say,==> control-server.amazon-ebs.control_server: Get:2 http://us-east-1.ec2.archive.ubuntu.com/ubuntu jammy-updates InRelease [128 kB]
1776326195,,ui,say,==> control-server.amazon-ebs.control_server: Get:3 http://us-east-1.ec2.archive.ubuntu.com/ubuntu jammy-backports InRelease [127 kB]
1776326196,,ui,say,==> control-server.amazon-ebs.control_server: Get:4 http://us-east-1.ec2.archive.ubuntu.com/ubuntu jammy/main amd64 Packages [1395 kB]
1776326196,,ui,say,==> control-server.amazon-ebs.control_server: Get:5 http://us-east-1.ec2.archive.ubuntu.com/ubuntu jammy/main Translation-en [510 kB]
1776326196,,ui,say,==> control-server.amazon-ebs.control_server: Get:6 http://us-east-1.ec2.archive.ubuntu.com/ubuntu jammy/main amd64 c-n-f Metadata [30.3 kB]
1776326196,,ui,say,==> control-server.amazon-ebs.control_server: Get:7 http://us-east-1.ec2.archive.ubuntu.com/ubuntu jammy/restricted amd64 Packages [129 kB]
1776326196,,ui,say,==> control-server.amazon-ebs.control_server: Get:8 http://us-east-1.ec2.archive.ubuntu.com/ubuntu jammy/restricted Translation-en [18.6 kB]
1776326196,,ui,say,==> control-server.amazon-ebs.control_server: Get:9 http://us-east-1.ec2.archive.ubuntu.com/ubuntu jammy/restricted amd64 c-n-f Metadata [488 B]
1776326196,,ui,say,==> control-server.amazon-ebs.control_server: Get:10 http://us-east-1.ec2.archive.ubuntu.com/ubuntu jammy/universe amd64 Packages [14.1 MB]
1776326196,,ui,say,==> control-server.amazon-ebs.control_server: Get:11 http://us-east-1.ec2.archive.ubuntu.com/ubuntu jammy/universe Translation-en [5652 kB]
1776326196,,ui,say,==> control-server.amazon-ebs.control_server: Get:12 http://us-east-1.ec2.archive.ubuntu.com/ubuntu jammy/universe amd64 c-n-f Metadata [286 kB]
1776326196,,ui,say,==> control-server.amazon-ebs.control_server: Get:13 http://us-east-1.ec2.archive.ubuntu.com/ubuntu jammy/multiverse amd64 Packages [217 kB]
1776326196,,ui,say,==> control-server.amazon-ebs.control_server: Get:14 http://us-east-1.ec2.archive.ubuntu.com/ubuntu jammy/multiverse Translation-en [112 kB]
1776326196,,ui,say,==> control-server.amazon-ebs.control_server: Get:15 http://us-east-1.ec2.archive.ubuntu.com/ubuntu jammy/multiverse amd64 c-n-f Metadata [8372 B]
1776326196,,ui,say,==> control-server.amazon-ebs.control_server: Get:16 http://us-east-1.ec2.archive.ubuntu.com/ubuntu jammy-updates/main amd64 Packages [3400 kB]
1776326196,,ui,say,==> control-server.amazon-ebs.control_server: Get:17 http://us-east-1.ec2.archive.ubuntu.com/ubuntu jammy-updates/main Translation-en [518 kB]
1776326196,,ui,say,==> control-server.amazon-ebs.control_server: Get:18 http://us-east-1.ec2.archive.ubuntu.com/ubuntu jammy-updates/main amd64 c-n-f Metadata [19.6 kB]
1776326196,,ui,say,==> control-server.amazon-ebs.control_server: Get:19 http://us-east-1.ec2.archive.ubuntu.com/ubuntu jammy-updates/restricted amd64 Packages [5686 kB]
1776326196,,ui,say,==> control-server.amazon-ebs.control_server: Get:20 http://us-east-1.ec2.archive.ubuntu.com/ubuntu jammy-updates/restricted Translation-en [1091 kB]
1776326196,,ui,say,==> control-server.amazon-ebs.control_server: Get:21 http://us-east-1.ec2.archive.ubuntu.com/ubuntu jammy-updates/restricted amd64 c-n-f Metadata [676 B]
1776326196,,ui,say,==> control-server.amazon-ebs.control_server: Get:22 http://us-east-1.ec2.archive.ubuntu.com/ubuntu jammy-updates/universe amd64 Packages [1262 kB]
1776326196,,ui,say,==> control-server.amazon-ebs.control_server: Get:23 http://us-east-1.ec2.archive.ubuntu.com/ubuntu jammy-updates/universe Translation-en [316 kB]
1776326196,,ui,say,==> control-server.amazon-ebs.control_server: Get:24 http://us-east-1.ec2.archive.ubuntu.com/ubuntu jammy-updates/universe amd64 c-n-f Metadata [30.5 kB]
1776326196,,ui,say,==> control-server.amazon-ebs.control_server: Get:25 http://us-east-1.ec2.archive.ubuntu.com/ubuntu jammy-updates/multiverse amd64 Packages [59.0 kB]
1776326196,,ui,say,==> control-server.amazon-ebs.control_server: Get:26 http://us-east-1.ec2.archive.ubuntu.com/ubuntu jammy-updates/multiverse Translation-en [13.5 kB]
1776326196,,ui,say,==> control-server.amazon-ebs.control_server: Get:27 http://us-east-1.ec2.archive.ubuntu.com/ubuntu jammy-updates/multiverse amd64 c-n-f Metadata [612 B]
1776326196,,ui,say,==> control-server.amazon-ebs.control_server: Get:28 http://us-east-1.ec2.archive.ubuntu.com/ubuntu jammy-backports/main amd64 Packages [69.4 kB]
1776326196,,ui,say,==> control-server.amazon-ebs.control_server: Get:29 http://us-east-1.ec2.archive.ubuntu.com/ubuntu jammy-backports/main Translation-en [11.5 kB]
1776326196,,ui,say,==> control-server.amazon-ebs.control_server: Get:30 http://us-east-1.ec2.archive.ubuntu.com/ubuntu jammy-backports/main amd64 c-n-f Metadata [412 B]
1776326196,,ui,say,==> control-server.amazon-ebs.control_server: Get:31 http://us-east-1.ec2.archive.ubuntu.com/ubuntu jammy-backports/restricted amd64 c-n-f Metadata [116 B]
1776326196,,ui,say,==> control-server.amazon-ebs.control_server: Get:32 http://us-east-1.ec2.archive.ubuntu.com/ubuntu jammy-backports/universe amd64 Packages [30.6 kB]
1776326196,,ui,say,==> control-server.amazon-ebs.control_server: Get:33 http://us-east-1.ec2.archive.ubuntu.com/ubuntu jammy-backports/universe Translation-en [16.9 kB]
1776326196,,ui,say,==> control-server.amazon-ebs.control_server: Get:34 http://us-east-1.ec2.archive.ubuntu.com/ubuntu jammy-backports/universe amd64 c-n-f Metadata [676 B]
1776326196,,ui,say,==> control-server.amazon-ebs.control_server: Get:35 http://us-east-1.ec2.archive.ubuntu.com/ubuntu jammy-backports/multiverse amd64 c-n-f Metadata [116 B]
1776326226,,ui,say,==> control-server.amazon-ebs.control_server: Hit:36 http://security.ubuntu.com/ubuntu jammy-security InRelease
1776326228,,ui,say,==> control-server.amazon-ebs.control_server: Fetched 35.5 MB in 31s (1148 kB/s)
1776326230,,ui,say,==> control-server.amazon-ebs.control_server: Reading package lists...
1776326230,,ui,say,==> control-server.amazon-ebs.control_server: Reading package lists...
1776326231,,ui,say,==> control-server.amazon-ebs.control_server: Building dependency tree...
1776326231,,ui,say,==> control-server.amazon-ebs.control_server: Reading state information...
1776326231,,ui,say,==> control-server.amazon-ebs.control_server: Calculating upgrade...
1776326231,,ui,say,==> control-server.amazon-ebs.control_server: The following packages have been kept back:
1776326231,,ui,say,==> control-server.amazon-ebs.control_server:   libnetplan0 linux-aws linux-headers-aws linux-image-aws netplan.io
1776326231,,ui,say,==> control-server.amazon-ebs.control_server: The following packages will be upgraded:
1776326231,,ui,say,==> control-server.amazon-ebs.control_server:   libpolkit-agent-1-0 libpolkit-gobject-1-0 linux-tools-common pkexec
1776326231,,ui,say,==> control-server.amazon-ebs.control_server:   policykit-1 polkitd vim vim-common vim-runtime vim-tiny xxd
1776326231,,ui,say,==> control-server.amazon-ebs.control_server: 11 upgraded%!(PACKER_COMMA) 0 newly installed%!(PACKER_COMMA) 0 to remove and 5 not upgraded.
1776326231,,ui,say,==> control-server.amazon-ebs.control_server: Need to get 9850 kB of archives.
1776326231,,ui,say,==> control-server.amazon-ebs.control_server: After this operation%!(PACKER_COMMA) 10.2 kB of additional disk space will be used.
1776326231,,ui,say,==> control-server.amazon-ebs.control_server: Get:1 http://us-east-1.ec2.archive.ubuntu.com/ubuntu jammy-updates/main amd64 vim amd64 2:8.2.3995-1ubuntu2.27 [1731 kB]
1776326231,,ui,say,==> control-server.amazon-ebs.control_server: Get:2 http://us-east-1.ec2.archive.ubuntu.com/ubuntu jammy-updates/main amd64 vim-tiny amd64 2:8.2.3995-1ubuntu2.27 [706 kB]
1776326231,,ui,say,==> control-server.amazon-ebs.control_server: Get:3 http://us-east-1.ec2.archive.ubuntu.com/ubuntu jammy-updates/main amd64 vim-runtime all 2:8.2.3995-1ubuntu2.27 [6825 kB]
1776326231,,ui,say,==> control-server.amazon-ebs.control_server: Get:4 http://us-east-1.ec2.archive.ubuntu.com/ubuntu jammy-updates/main amd64 xxd amd64 2:8.2.3995-1ubuntu2.27 [51.0 kB]
1776326231,,ui,say,==> control-server.amazon-ebs.control_server: Get:5 http://us-east-1.ec2.archive.ubuntu.com/ubuntu jammy-updates/main amd64 vim-common all 2:8.2.3995-1ubuntu2.27 [81.5 kB]
1776326231,,ui,say,==> control-server.amazon-ebs.control_server: Get:6 http://us-east-1.ec2.archive.ubuntu.com/ubuntu jammy-updates/main amd64 pkexec amd64 0.105-33ubuntu0.1 [15.2 kB]
1776326231,,ui,say,==> control-server.amazon-ebs.control_server: Get:7 http://us-east-1.ec2.archive.ubuntu.com/ubuntu jammy-updates/main amd64 polkitd amd64 0.105-33ubuntu0.1 [80.1 kB]
1776326231,,ui,say,==> control-server.amazon-ebs.control_server: Get:8 http://us-east-1.ec2.archive.ubuntu.com/ubuntu jammy-updates/main amd64 policykit-1 amd64 0.105-33ubuntu0.1 [2438 B]
1776326231,,ui,say,==> control-server.amazon-ebs.control_server: Get:9 http://us-east-1.ec2.archive.ubuntu.com/ubuntu jammy-updates/main amd64 libpolkit-agent-1-0 amd64 0.105-33ubuntu0.1 [16.9 kB]
1776326231,,ui,say,==> control-server.amazon-ebs.control_server: Get:10 http://us-east-1.ec2.archive.ubuntu.com/ubuntu jammy-updates/main amd64 libpolkit-gobject-1-0 amd64 0.105-33ubuntu0.1 [43.3 kB]
1776326231,,ui,say,==> control-server.amazon-ebs.control_server: Get:11 http://us-east-1.ec2.archive.ubuntu.com/ubuntu jammy-updates/main amd64 linux-tools-common all 5.15.0-176.186 [297 kB]
1776326232,,ui,error,==> control-server.amazon-ebs.control_server: debconf: unable to initialize frontend: Dialog
1776326232,,ui,error,==> control-server.amazon-ebs.control_server: debconf: (Dialog frontend will not work on a dumb terminal%!(PACKER_COMMA) an emacs shell buffer%!(PACKER_COMMA) or without a controlling terminal.)
1776326232,,ui,error,==> control-server.amazon-ebs.control_server: debconf: falling back to frontend: Readline
1776326232,,ui,error,==> control-server.amazon-ebs.control_server: debconf: unable to initialize frontend: Readline
1776326232,,ui,error,==> control-server.amazon-ebs.control_server: debconf: (This frontend requires a controlling tty.)
1776326232,,ui,error,==> control-server.amazon-ebs.control_server: debconf: falling back to frontend: Teletype
1776326232,,ui,error,==> control-server.amazon-ebs.control_server: dpkg-preconfigure: unable to re-open stdin:
1776326232,,ui,say,==> control-server.amazon-ebs.control_server: Fetched 9850 kB in 0s (66.9 MB/s)
1776326232,,ui,say,==> control-server.amazon-ebs.control_server: (Reading database ... 66072 files and directories currently installed.)
1776326232,,ui,say,==> control-server.amazon-ebs.control_server: Preparing to unpack .../00-vim_2%3a8.2.3995-1ubuntu2.27_amd64.deb ...
1776326232,,ui,say,==> control-server.amazon-ebs.control_server: Unpacking vim (2:8.2.3995-1ubuntu2.27) over (2:8.2.3995-1ubuntu2.26) ...
1776326232,,ui,say,==> control-server.amazon-ebs.control_server: Preparing to unpack .../01-vim-tiny_2%3a8.2.3995-1ubuntu2.27_amd64.deb ...
1776326232,,ui,say,==> control-server.amazon-ebs.control_server: Unpacking vim-tiny (2:8.2.3995-1ubuntu2.27) over (2:8.2.3995-1ubuntu2.26) ...
1776326232,,ui,say,==> control-server.amazon-ebs.control_server: Preparing to unpack .../02-vim-runtime_2%3a8.2.3995-1ubuntu2.27_all.deb ...
1776326232,,ui,say,==> control-server.amazon-ebs.control_server: Unpacking vim-runtime (2:8.2.3995-1ubuntu2.27) over (2:8.2.3995-1ubuntu2.26) ...
1776326233,,ui,say,==> control-server.amazon-ebs.control_server: Preparing to unpack .../03-xxd_2%3a8.2.3995-1ubuntu2.27_amd64.deb ...
1776326233,,ui,say,==> control-server.amazon-ebs.control_server: Unpacking xxd (2:8.2.3995-1ubuntu2.27) over (2:8.2.3995-1ubuntu2.26) ...
1776326233,,ui,say,==> control-server.amazon-ebs.control_server: Preparing to unpack .../04-vim-common_2%3a8.2.3995-1ubuntu2.27_all.deb ...
1776326233,,ui,say,==> control-server.amazon-ebs.control_server: Unpacking vim-common (2:8.2.3995-1ubuntu2.27) over (2:8.2.3995-1ubuntu2.26) ...
1776326233,,ui,say,==> control-server.amazon-ebs.control_server: Preparing to unpack .../05-pkexec_0.105-33ubuntu0.1_amd64.deb ...
1776326233,,ui,say,==> control-server.amazon-ebs.control_server: Unpacking pkexec (0.105-33ubuntu0.1) over (0.105-33) ...
1776326233,,ui,say,==> control-server.amazon-ebs.control_server: Preparing to unpack .../06-polkitd_0.105-33ubuntu0.1_amd64.deb ...
1776326233,,ui,say,==> control-server.amazon-ebs.control_server: Unpacking polkitd (0.105-33ubuntu0.1) over (0.105-33) ...
1776326233,,ui,say,==> control-server.amazon-ebs.control_server: Preparing to unpack .../07-policykit-1_0.105-33ubuntu0.1_amd64.deb ...
1776326233,,ui,say,==> control-server.amazon-ebs.control_server: Unpacking policykit-1 (0.105-33ubuntu0.1) over (0.105-33) ...
1776326233,,ui,say,==> control-server.amazon-ebs.control_server: Preparing to unpack .../08-libpolkit-agent-1-0_0.105-33ubuntu0.1_amd64.deb ...
1776326233,,ui,say,==> control-server.amazon-ebs.control_server: Unpacking libpolkit-agent-1-0:amd64 (0.105-33ubuntu0.1) over (0.105-33) ...
1776326234,,ui,say,==> control-server.amazon-ebs.control_server: Preparing to unpack .../09-libpolkit-gobject-1-0_0.105-33ubuntu0.1_amd64.deb ...
1776326234,,ui,say,==> control-server.amazon-ebs.control_server: Unpacking libpolkit-gobject-1-0:amd64 (0.105-33ubuntu0.1) over (0.105-33) ...
1776326234,,ui,say,==> control-server.amazon-ebs.control_server: Preparing to unpack .../10-linux-tools-common_5.15.0-176.186_all.deb ...
1776326234,,ui,say,==> control-server.amazon-ebs.control_server: Unpacking linux-tools-common (5.15.0-176.186) over (5.15.0-174.184) ...
1776326234,,ui,say,==> control-server.amazon-ebs.control_server: Setting up xxd (2:8.2.3995-1ubuntu2.27) ...
1776326234,,ui,say,==> control-server.amazon-ebs.control_server: Setting up vim-common (2:8.2.3995-1ubuntu2.27) ...
1776326234,,ui,say,==> control-server.amazon-ebs.control_server: Setting up vim-runtime (2:8.2.3995-1ubuntu2.27) ...
1776326234,,ui,say,==> control-server.amazon-ebs.control_server: Setting up linux-tools-common (5.15.0-176.186) ...
1776326234,,ui,say,==> control-server.amazon-ebs.control_server: Setting up libpolkit-gobject-1-0:amd64 (0.105-33ubuntu0.1) ...
1776326234,,ui,say,==> control-server.amazon-ebs.control_server: Setting up vim (2:8.2.3995-1ubuntu2.27) ...
1776326234,,ui,say,==> control-server.amazon-ebs.control_server: Setting up vim-tiny (2:8.2.3995-1ubuntu2.27) ...
1776326234,,ui,say,==> control-server.amazon-ebs.control_server: Setting up libpolkit-agent-1-0:amd64 (0.105-33ubuntu0.1) ...
1776326234,,ui,say,==> control-server.amazon-ebs.control_server: Setting up polkitd (0.105-33ubuntu0.1) ...
1776326234,,ui,say,==> control-server.amazon-ebs.control_server: Setting up pkexec (0.105-33ubuntu0.1) ...
1776326234,,ui,say,==> control-server.amazon-ebs.control_server: Setting up policykit-1 (0.105-33ubuntu0.1) ...
1776326234,,ui,say,==> control-server.amazon-ebs.control_server: Processing triggers for man-db (2.10.2-1) ...
1776326235,,ui,say,==> control-server.amazon-ebs.control_server: Processing triggers for dbus (1.12.20-2ubuntu4.1) ...
1776326235,,ui,say,==> control-server.amazon-ebs.control_server: Processing triggers for libc-bin (2.35-0ubuntu3.13) ...
1776326236,,ui,say,==> control-server.amazon-ebs.control_server:
1776326236,,ui,say,==> control-server.amazon-ebs.control_server: Running kernel seems to be up-to-date.
1776326236,,ui,say,==> control-server.amazon-ebs.control_server:
1776326236,,ui,say,==> control-server.amazon-ebs.control_server: Services to be restarted:
1776326236,,ui,say,==> control-server.amazon-ebs.control_server:  systemctl restart packagekit.service
1776326236,,ui,say,==> control-server.amazon-ebs.control_server:
1776326236,,ui,say,==> control-server.amazon-ebs.control_server: No containers need to be restarted.
1776326236,,ui,say,==> control-server.amazon-ebs.control_server:
1776326236,,ui,say,==> control-server.amazon-ebs.control_server: No user sessions are running outdated binaries.
1776326236,,ui,say,==> control-server.amazon-ebs.control_server:
1776326236,,ui,say,==> control-server.amazon-ebs.control_server: No VM guests are running outdated hypervisor (qemu) binaries on this host.
1776326238,,ui,say,==> control-server.amazon-ebs.control_server: Reading package lists...
1776326238,,ui,say,==> control-server.amazon-ebs.control_server: Building dependency tree...
1776326238,,ui,say,==> control-server.amazon-ebs.control_server: Reading state information...
1776326238,,ui,say,==> control-server.amazon-ebs.control_server: lsb-release is already the newest version (11.1.0ubuntu4).
1776326238,,ui,say,==> control-server.amazon-ebs.control_server: lsb-release set to manually installed.
1776326238,,ui,say,==> control-server.amazon-ebs.control_server: ca-certificates is already the newest version (20240203~22.04.1).
1776326238,,ui,say,==> control-server.amazon-ebs.control_server: ca-certificates set to manually installed.
1776326238,,ui,say,==> control-server.amazon-ebs.control_server: curl is already the newest version (7.81.0-1ubuntu1.23).
1776326238,,ui,say,==> control-server.amazon-ebs.control_server: curl set to manually installed.
1776326238,,ui,say,==> control-server.amazon-ebs.control_server: gnupg is already the newest version (2.2.27-3ubuntu2.5).
1776326238,,ui,say,==> control-server.amazon-ebs.control_server: gnupg set to manually installed.
1776326238,,ui,say,==> control-server.amazon-ebs.control_server: software-properties-common is already the newest version (0.99.22.9).
1776326238,,ui,say,==> control-server.amazon-ebs.control_server: software-properties-common set to manually installed.
1776326238,,ui,say,==> control-server.amazon-ebs.control_server: wget is already the newest version (1.21.2-2ubuntu1.1).
1776326238,,ui,say,==> control-server.amazon-ebs.control_server: wget set to manually installed.
1776326238,,ui,say,==> control-server.amazon-ebs.control_server: The following additional packages will be installed:
1776326238,,ui,say,==> control-server.amazon-ebs.control_server:   libjq1 libonig5
1776326238,,ui,say,==> control-server.amazon-ebs.control_server: Suggested packages:
1776326238,,ui,say,==> control-server.amazon-ebs.control_server:   zip
1776326238,,ui,say,==> control-server.amazon-ebs.control_server: The following NEW packages will be installed:
1776326238,,ui,say,==> control-server.amazon-ebs.control_server:   apt-transport-https jq libjq1 libonig5 ssl-cert unzip
1776326238,,ui,say,==> control-server.amazon-ebs.control_server: 0 upgraded%!(PACKER_COMMA) 6 newly installed%!(PACKER_COMMA) 0 to remove and 5 not upgraded.
1776326238,,ui,say,==> control-server.amazon-ebs.control_server: Need to get 551 kB of archives.
1776326238,,ui,say,==> control-server.amazon-ebs.control_server: After this operation%!(PACKER_COMMA) 1709 kB of additional disk space will be used.
1776326238,,ui,say,==> control-server.amazon-ebs.control_server: Get:1 http://us-east-1.ec2.archive.ubuntu.com/ubuntu jammy-updates/universe amd64 apt-transport-https all 2.4.14 [1510 B]
1776326238,,ui,say,==> control-server.amazon-ebs.control_server: Get:2 http://us-east-1.ec2.archive.ubuntu.com/ubuntu jammy/main amd64 libonig5 amd64 6.9.7.1-2build1 [172 kB]
1776326238,,ui,say,==> control-server.amazon-ebs.control_server: Get:3 http://us-east-1.ec2.archive.ubuntu.com/ubuntu jammy-updates/main amd64 libjq1 amd64 1.6-2.1ubuntu3.1 [133 kB]
1776326238,,ui,say,==> control-server.amazon-ebs.control_server: Get:4 http://us-east-1.ec2.archive.ubuntu.com/ubuntu jammy-updates/main amd64 jq amd64 1.6-2.1ubuntu3.1 [52.5 kB]
1776326239,,ui,say,==> control-server.amazon-ebs.control_server: Get:5 http://us-east-1.ec2.archive.ubuntu.com/ubuntu jammy/main amd64 ssl-cert all 1.1.2 [17.4 kB]
1776326239,,ui,say,==> control-server.amazon-ebs.control_server: Get:6 http://us-east-1.ec2.archive.ubuntu.com/ubuntu jammy-updates/main amd64 unzip amd64 6.0-26ubuntu3.2 [175 kB]
1776326239,,ui,error,==> control-server.amazon-ebs.control_server: debconf: unable to initialize frontend: Dialog
1776326239,,ui,error,==> control-server.amazon-ebs.control_server: debconf: (Dialog frontend will not work on a dumb terminal%!(PACKER_COMMA) an emacs shell buffer%!(PACKER_COMMA) or without a controlling terminal.)
1776326239,,ui,error,==> control-server.amazon-ebs.control_server: debconf: falling back to frontend: Readline
1776326239,,ui,error,==> control-server.amazon-ebs.control_server: debconf: unable to initialize frontend: Readline
1776326239,,ui,error,==> control-server.amazon-ebs.control_server: debconf: (This frontend requires a controlling tty.)
1776326239,,ui,error,==> control-server.amazon-ebs.control_server: debconf: falling back to frontend: Teletype
1776326239,,ui,error,==> control-server.amazon-ebs.control_server: dpkg-preconfigure: unable to re-open stdin:
1776326239,,ui,say,==> control-server.amazon-ebs.control_server: Fetched 551 kB in 0s (12.2 MB/s)
1776326239,,ui,say,==> control-server.amazon-ebs.control_server: Selecting previously unselected package apt-transport-https.
1776326239,,ui,say,==> control-server.amazon-ebs.control_server: (Reading database ... 66072 files and directories currently installed.)
1776326239,,ui,say,==> control-server.amazon-ebs.control_server: Preparing to unpack .../0-apt-transport-https_2.4.14_all.deb ...
1776326239,,ui,say,==> control-server.amazon-ebs.control_server: Unpacking apt-transport-https (2.4.14) ...
1776326239,,ui,say,==> control-server.amazon-ebs.control_server: Selecting previously unselected package libonig5:amd64.
1776326239,,ui,say,==> control-server.amazon-ebs.control_server: Preparing to unpack .../1-libonig5_6.9.7.1-2build1_amd64.deb ...
1776326239,,ui,say,==> control-server.amazon-ebs.control_server: Unpacking libonig5:amd64 (6.9.7.1-2build1) ...
1776326239,,ui,say,==> control-server.amazon-ebs.control_server: Selecting previously unselected package libjq1:amd64.
1776326239,,ui,say,==> control-server.amazon-ebs.control_server: Preparing to unpack .../2-libjq1_1.6-2.1ubuntu3.1_amd64.deb ...
1776326239,,ui,say,==> control-server.amazon-ebs.control_server: Unpacking libjq1:amd64 (1.6-2.1ubuntu3.1) ...
1776326239,,ui,say,==> control-server.amazon-ebs.control_server: Selecting previously unselected package jq.
1776326239,,ui,say,==> control-server.amazon-ebs.control_server: Preparing to unpack .../3-jq_1.6-2.1ubuntu3.1_amd64.deb ...
1776326239,,ui,say,==> control-server.amazon-ebs.control_server: Unpacking jq (1.6-2.1ubuntu3.1) ...
1776326239,,ui,say,==> control-server.amazon-ebs.control_server: Selecting previously unselected package ssl-cert.
1776326239,,ui,say,==> control-server.amazon-ebs.control_server: Preparing to unpack .../4-ssl-cert_1.1.2_all.deb ...
1776326239,,ui,say,==> control-server.amazon-ebs.control_server: Unpacking ssl-cert (1.1.2) ...
1776326239,,ui,say,==> control-server.amazon-ebs.control_server: Selecting previously unselected package unzip.
1776326239,,ui,say,==> control-server.amazon-ebs.control_server: Preparing to unpack .../5-unzip_6.0-26ubuntu3.2_amd64.deb ...
1776326239,,ui,say,==> control-server.amazon-ebs.control_server: Unpacking unzip (6.0-26ubuntu3.2) ...
1776326239,,ui,say,==> control-server.amazon-ebs.control_server: Setting up apt-transport-https (2.4.14) ...
1776326239,,ui,say,==> control-server.amazon-ebs.control_server: Setting up unzip (6.0-26ubuntu3.2) ...
1776326239,,ui,say,==> control-server.amazon-ebs.control_server: Setting up ssl-cert (1.1.2) ...
1776326239,,ui,say,==> control-server.amazon-ebs.control_server: debconf: unable to initialize frontend: Dialog
1776326239,,ui,say,==> control-server.amazon-ebs.control_server: debconf: (Dialog frontend will not work on a dumb terminal%!(PACKER_COMMA) an emacs shell buffer%!(PACKER_COMMA) or without a controlling terminal.)
1776326239,,ui,say,==> control-server.amazon-ebs.control_server: debconf: falling back to frontend: Readline
1776326240,,ui,say,==> control-server.amazon-ebs.control_server: Setting up libonig5:amd64 (6.9.7.1-2build1) ...
1776326240,,ui,say,==> control-server.amazon-ebs.control_server: Setting up libjq1:amd64 (1.6-2.1ubuntu3.1) ...
1776326240,,ui,say,==> control-server.amazon-ebs.control_server: Setting up jq (1.6-2.1ubuntu3.1) ...
1776326240,,ui,say,==> control-server.amazon-ebs.control_server: Processing triggers for man-db (2.10.2-1) ...
1776326240,,ui,say,==> control-server.amazon-ebs.control_server: Processing triggers for libc-bin (2.35-0ubuntu3.13) ...
1776326241,,ui,say,==> control-server.amazon-ebs.control_server:
1776326241,,ui,say,==> control-server.amazon-ebs.control_server: Running kernel seems to be up-to-date.
1776326241,,ui,say,==> control-server.amazon-ebs.control_server:
1776326241,,ui,say,==> control-server.amazon-ebs.control_server: Services to be restarted:
1776326241,,ui,say,==> control-server.amazon-ebs.control_server:  systemctl restart packagekit.service
1776326241,,ui,say,==> control-server.amazon-ebs.control_server:
1776326241,,ui,say,==> control-server.amazon-ebs.control_server: No containers need to be restarted.
1776326241,,ui,say,==> control-server.amazon-ebs.control_server:
1776326241,,ui,say,==> control-server.amazon-ebs.control_server: No user sessions are running outdated binaries.
1776326241,,ui,say,==> control-server.amazon-ebs.control_server:
1776326241,,ui,say,==> control-server.amazon-ebs.control_server: No VM guests are running outdated hypervisor (qemu) binaries on this host.
1776326244,,ui,say,==> control-server.amazon-ebs.control_server: Provisioning with shell script: /var/folders/5s/5htvl7wx4_3551yjw2wzpxr80000gn/T/packer-shell194834898
1776326244,,ui,say,==> control-server.amazon-ebs.control_server: >>> Phase 3: Install Nginx
1776326244,,ui,say,==> control-server.amazon-ebs.control_server: Reading package lists...
1776326244,,ui,say,==> control-server.amazon-ebs.control_server: Building dependency tree...
1776326244,,ui,say,==> control-server.amazon-ebs.control_server: Reading state information...
1776326245,,ui,say,==> control-server.amazon-ebs.control_server: The following additional packages will be installed:
1776326245,,ui,say,==> control-server.amazon-ebs.control_server:   fontconfig-config fonts-dejavu-core libdeflate0 libfontconfig1 libgd3
1776326245,,ui,say,==> control-server.amazon-ebs.control_server:   libjbig0 libjpeg-turbo8 libjpeg8 libnginx-mod-http-geoip2
1776326245,,ui,say,==> control-server.amazon-ebs.control_server:   libnginx-mod-http-image-filter libnginx-mod-http-xslt-filter
1776326245,,ui,say,==> control-server.amazon-ebs.control_server:   libnginx-mod-mail libnginx-mod-stream libnginx-mod-stream-geoip2 libtiff5
1776326245,,ui,say,==> control-server.amazon-ebs.control_server:   libwebp7 libxpm4 nginx-common nginx-core
1776326245,,ui,say,==> control-server.amazon-ebs.control_server: Suggested packages:
1776326245,,ui,say,==> control-server.amazon-ebs.control_server:   libgd-tools fcgiwrap nginx-doc
1776326245,,ui,say,==> control-server.amazon-ebs.control_server: The following NEW packages will be installed:
1776326245,,ui,say,==> control-server.amazon-ebs.control_server:   fontconfig-config fonts-dejavu-core libdeflate0 libfontconfig1 libgd3
1776326245,,ui,say,==> control-server.amazon-ebs.control_server:   libjbig0 libjpeg-turbo8 libjpeg8 libnginx-mod-http-geoip2
1776326245,,ui,say,==> control-server.amazon-ebs.control_server:   libnginx-mod-http-image-filter libnginx-mod-http-xslt-filter
1776326245,,ui,say,==> control-server.amazon-ebs.control_server:   libnginx-mod-mail libnginx-mod-stream libnginx-mod-stream-geoip2 libtiff5
1776326245,,ui,say,==> control-server.amazon-ebs.control_server:   libwebp7 libxpm4 nginx nginx-common nginx-core
1776326245,,ui,say,==> control-server.amazon-ebs.control_server: 0 upgraded%!(PACKER_COMMA) 20 newly installed%!(PACKER_COMMA) 0 to remove and 5 not upgraded.
1776326245,,ui,say,==> control-server.amazon-ebs.control_server: Need to get 2695 kB of archives.
1776326245,,ui,say,==> control-server.amazon-ebs.control_server: After this operation%!(PACKER_COMMA) 8346 kB of additional disk space will be used.
1776326245,,ui,say,==> control-server.amazon-ebs.control_server: Get:1 http://us-east-1.ec2.archive.ubuntu.com/ubuntu jammy/main amd64 fonts-dejavu-core all 2.37-2build1 [1041 kB]
1776326245,,ui,say,==> control-server.amazon-ebs.control_server: Get:2 http://us-east-1.ec2.archive.ubuntu.com/ubuntu jammy/main amd64 fontconfig-config all 2.13.1-4.2ubuntu5 [29.1 kB]
1776326245,,ui,say,==> control-server.amazon-ebs.control_server: Get:3 http://us-east-1.ec2.archive.ubuntu.com/ubuntu jammy/main amd64 libdeflate0 amd64 1.10-2 [70.9 kB]
1776326245,,ui,say,==> control-server.amazon-ebs.control_server: Get:4 http://us-east-1.ec2.archive.ubuntu.com/ubuntu jammy/main amd64 libfontconfig1 amd64 2.13.1-4.2ubuntu5 [131 kB]
1776326245,,ui,say,==> control-server.amazon-ebs.control_server: Get:5 http://us-east-1.ec2.archive.ubuntu.com/ubuntu jammy/main amd64 libjpeg-turbo8 amd64 2.1.2-0ubuntu1 [134 kB]
1776326245,,ui,say,==> control-server.amazon-ebs.control_server: Get:6 http://us-east-1.ec2.archive.ubuntu.com/ubuntu jammy/main amd64 libjpeg8 amd64 8c-2ubuntu10 [2264 B]
1776326245,,ui,say,==> control-server.amazon-ebs.control_server: Get:7 http://us-east-1.ec2.archive.ubuntu.com/ubuntu jammy-updates/main amd64 libjbig0 amd64 2.1-3.1ubuntu0.22.04.1 [29.2 kB]
1776326245,,ui,say,==> control-server.amazon-ebs.control_server: Get:8 http://us-east-1.ec2.archive.ubuntu.com/ubuntu jammy-updates/main amd64 libwebp7 amd64 1.2.2-2ubuntu0.22.04.2 [206 kB]
1776326245,,ui,say,==> control-server.amazon-ebs.control_server: Get:9 http://us-east-1.ec2.archive.ubuntu.com/ubuntu jammy-updates/main amd64 libtiff5 amd64 4.3.0-6ubuntu0.13 [185 kB]
1776326245,,ui,say,==> control-server.amazon-ebs.control_server: Get:10 http://us-east-1.ec2.archive.ubuntu.com/ubuntu jammy-updates/main amd64 libxpm4 amd64 1:3.5.12-1ubuntu0.22.04.2 [36.7 kB]
1776326245,,ui,say,==> control-server.amazon-ebs.control_server: Get:11 http://us-east-1.ec2.archive.ubuntu.com/ubuntu jammy-updates/main amd64 libgd3 amd64 2.3.0-2ubuntu2.3 [129 kB]
1776326245,,ui,say,==> control-server.amazon-ebs.control_server: Get:12 http://us-east-1.ec2.archive.ubuntu.com/ubuntu jammy-updates/main amd64 nginx-common all 1.18.0-6ubuntu14.8 [40.1 kB]
1776326245,,ui,say,==> control-server.amazon-ebs.control_server: Get:13 http://us-east-1.ec2.archive.ubuntu.com/ubuntu jammy-updates/main amd64 libnginx-mod-http-geoip2 amd64 1.18.0-6ubuntu14.8 [12.1 kB]
1776326245,,ui,say,==> control-server.amazon-ebs.control_server: Get:14 http://us-east-1.ec2.archive.ubuntu.com/ubuntu jammy-updates/main amd64 libnginx-mod-http-image-filter amd64 1.18.0-6ubuntu14.8 [15.6 kB]
1776326245,,ui,say,==> control-server.amazon-ebs.control_server: Get:15 http://us-east-1.ec2.archive.ubuntu.com/ubuntu jammy-updates/main amd64 libnginx-mod-http-xslt-filter amd64 1.18.0-6ubuntu14.8 [13.9 kB]
1776326245,,ui,say,==> control-server.amazon-ebs.control_server: Get:16 http://us-east-1.ec2.archive.ubuntu.com/ubuntu jammy-updates/main amd64 libnginx-mod-mail amd64 1.18.0-6ubuntu14.8 [45.8 kB]
1776326245,,ui,say,==> control-server.amazon-ebs.control_server: Get:17 http://us-east-1.ec2.archive.ubuntu.com/ubuntu jammy-updates/main amd64 libnginx-mod-stream amd64 1.18.0-6ubuntu14.8 [73.0 kB]
1776326245,,ui,say,==> control-server.amazon-ebs.control_server: Get:18 http://us-east-1.ec2.archive.ubuntu.com/ubuntu jammy-updates/main amd64 libnginx-mod-stream-geoip2 amd64 1.18.0-6ubuntu14.8 [10.1 kB]
1776326245,,ui,say,==> control-server.amazon-ebs.control_server: Get:19 http://us-east-1.ec2.archive.ubuntu.com/ubuntu jammy-updates/main amd64 nginx-core amd64 1.18.0-6ubuntu14.8 [484 kB]
1776326245,,ui,say,==> control-server.amazon-ebs.control_server: Get:20 http://us-east-1.ec2.archive.ubuntu.com/ubuntu jammy-updates/main amd64 nginx amd64 1.18.0-6ubuntu14.8 [3882 B]
1776326245,,ui,say,==> control-server.amazon-ebs.control_server: Fetched 2695 kB in 0s (29.2 MB/s)
1776326245,,ui,error,==> control-server.amazon-ebs.control_server: debconf: unable to initialize frontend: Dialog
1776326245,,ui,error,==> control-server.amazon-ebs.control_server: debconf: (Dialog frontend will not work on a dumb terminal%!(PACKER_COMMA) an emacs shell buffer%!(PACKER_COMMA) or without a controlling terminal.)
1776326245,,ui,error,==> control-server.amazon-ebs.control_server: debconf: falling back to frontend: Readline
1776326245,,ui,error,==> control-server.amazon-ebs.control_server: debconf: unable to initialize frontend: Readline
1776326245,,ui,error,==> control-server.amazon-ebs.control_server: debconf: (This frontend requires a controlling tty.)
1776326245,,ui,error,==> control-server.amazon-ebs.control_server: debconf: falling back to frontend: Teletype
1776326245,,ui,error,==> control-server.amazon-ebs.control_server: dpkg-preconfigure: unable to re-open stdin:
1776326245,,ui,say,==> control-server.amazon-ebs.control_server: Selecting previously unselected package fonts-dejavu-core.
1776326245,,ui,say,==> control-server.amazon-ebs.control_server: (Reading database ... 66120 files and directories currently installed.)
1776326245,,ui,say,==> control-server.amazon-ebs.control_server: Preparing to unpack .../00-fonts-dejavu-core_2.37-2build1_all.deb ...
1776326245,,ui,say,==> control-server.amazon-ebs.control_server: Unpacking fonts-dejavu-core (2.37-2build1) ...
1776326246,,ui,say,==> control-server.amazon-ebs.control_server: Selecting previously unselected package fontconfig-config.
1776326246,,ui,say,==> control-server.amazon-ebs.control_server: Preparing to unpack .../01-fontconfig-config_2.13.1-4.2ubuntu5_all.deb ...
1776326246,,ui,say,==> control-server.amazon-ebs.control_server: Unpacking fontconfig-config (2.13.1-4.2ubuntu5) ...
1776326246,,ui,say,==> control-server.amazon-ebs.control_server: Selecting previously unselected package libdeflate0:amd64.
1776326246,,ui,say,==> control-server.amazon-ebs.control_server: Preparing to unpack .../02-libdeflate0_1.10-2_amd64.deb ...
1776326246,,ui,say,==> control-server.amazon-ebs.control_server: Unpacking libdeflate0:amd64 (1.10-2) ...
1776326246,,ui,say,==> control-server.amazon-ebs.control_server: Selecting previously unselected package libfontconfig1:amd64.
1776326246,,ui,say,==> control-server.amazon-ebs.control_server: Preparing to unpack .../03-libfontconfig1_2.13.1-4.2ubuntu5_amd64.deb ...
1776326246,,ui,say,==> control-server.amazon-ebs.control_server: Unpacking libfontconfig1:amd64 (2.13.1-4.2ubuntu5) ...
1776326246,,ui,say,==> control-server.amazon-ebs.control_server: Selecting previously unselected package libjpeg-turbo8:amd64.
1776326246,,ui,say,==> control-server.amazon-ebs.control_server: Preparing to unpack .../04-libjpeg-turbo8_2.1.2-0ubuntu1_amd64.deb ...
1776326246,,ui,say,==> control-server.amazon-ebs.control_server: Unpacking libjpeg-turbo8:amd64 (2.1.2-0ubuntu1) ...
1776326246,,ui,say,==> control-server.amazon-ebs.control_server: Selecting previously unselected package libjpeg8:amd64.
1776326246,,ui,say,==> control-server.amazon-ebs.control_server: Preparing to unpack .../05-libjpeg8_8c-2ubuntu10_amd64.deb ...
1776326246,,ui,say,==> control-server.amazon-ebs.control_server: Unpacking libjpeg8:amd64 (8c-2ubuntu10) ...
1776326246,,ui,say,==> control-server.amazon-ebs.control_server: Selecting previously unselected package libjbig0:amd64.
1776326246,,ui,say,==> control-server.amazon-ebs.control_server: Preparing to unpack .../06-libjbig0_2.1-3.1ubuntu0.22.04.1_amd64.deb ...
1776326246,,ui,say,==> control-server.amazon-ebs.control_server: Unpacking libjbig0:amd64 (2.1-3.1ubuntu0.22.04.1) ...
1776326246,,ui,say,==> control-server.amazon-ebs.control_server: Selecting previously unselected package libwebp7:amd64.
1776326246,,ui,say,==> control-server.amazon-ebs.control_server: Preparing to unpack .../07-libwebp7_1.2.2-2ubuntu0.22.04.2_amd64.deb ...
1776326246,,ui,say,==> control-server.amazon-ebs.control_server: Unpacking libwebp7:amd64 (1.2.2-2ubuntu0.22.04.2) ...
1776326246,,ui,say,==> control-server.amazon-ebs.control_server: Selecting previously unselected package libtiff5:amd64.
1776326246,,ui,say,==> control-server.amazon-ebs.control_server: Preparing to unpack .../08-libtiff5_4.3.0-6ubuntu0.13_amd64.deb ...
1776326246,,ui,say,==> control-server.amazon-ebs.control_server: Unpacking libtiff5:amd64 (4.3.0-6ubuntu0.13) ...
1776326246,,ui,say,==> control-server.amazon-ebs.control_server: Selecting previously unselected package libxpm4:amd64.
1776326246,,ui,say,==> control-server.amazon-ebs.control_server: Preparing to unpack .../09-libxpm4_1%3a3.5.12-1ubuntu0.22.04.2_amd64.deb ...
1776326246,,ui,say,==> control-server.amazon-ebs.control_server: Unpacking libxpm4:amd64 (1:3.5.12-1ubuntu0.22.04.2) ...
1776326246,,ui,say,==> control-server.amazon-ebs.control_server: Selecting previously unselected package libgd3:amd64.
1776326246,,ui,say,==> control-server.amazon-ebs.control_server: Preparing to unpack .../10-libgd3_2.3.0-2ubuntu2.3_amd64.deb ...
1776326246,,ui,say,==> control-server.amazon-ebs.control_server: Unpacking libgd3:amd64 (2.3.0-2ubuntu2.3) ...
1776326246,,ui,say,==> control-server.amazon-ebs.control_server: Selecting previously unselected package nginx-common.
1776326246,,ui,say,==> control-server.amazon-ebs.control_server: Preparing to unpack .../11-nginx-common_1.18.0-6ubuntu14.8_all.deb ...
1776326246,,ui,say,==> control-server.amazon-ebs.control_server: Unpacking nginx-common (1.18.0-6ubuntu14.8) ...
1776326246,,ui,say,==> control-server.amazon-ebs.control_server: Selecting previously unselected package libnginx-mod-http-geoip2.
1776326246,,ui,say,==> control-server.amazon-ebs.control_server: Preparing to unpack .../12-libnginx-mod-http-geoip2_1.18.0-6ubuntu14.8_amd64.deb ...
1776326246,,ui,say,==> control-server.amazon-ebs.control_server: Unpacking libnginx-mod-http-geoip2 (1.18.0-6ubuntu14.8) ...
1776326247,,ui,say,==> control-server.amazon-ebs.control_server: Selecting previously unselected package libnginx-mod-http-image-filter.
1776326247,,ui,say,==> control-server.amazon-ebs.control_server: Preparing to unpack .../13-libnginx-mod-http-image-filter_1.18.0-6ubuntu14.8_amd64.deb ...
1776326247,,ui,say,==> control-server.amazon-ebs.control_server: Unpacking libnginx-mod-http-image-filter (1.18.0-6ubuntu14.8) ...
1776326247,,ui,say,==> control-server.amazon-ebs.control_server: Selecting previously unselected package libnginx-mod-http-xslt-filter.
1776326247,,ui,say,==> control-server.amazon-ebs.control_server: Preparing to unpack .../14-libnginx-mod-http-xslt-filter_1.18.0-6ubuntu14.8_amd64.deb ...
1776326247,,ui,say,==> control-server.amazon-ebs.control_server: Unpacking libnginx-mod-http-xslt-filter (1.18.0-6ubuntu14.8) ...
1776326247,,ui,say,==> control-server.amazon-ebs.control_server: Selecting previously unselected package libnginx-mod-mail.
1776326247,,ui,say,==> control-server.amazon-ebs.control_server: Preparing to unpack .../15-libnginx-mod-mail_1.18.0-6ubuntu14.8_amd64.deb ...
1776326247,,ui,say,==> control-server.amazon-ebs.control_server: Unpacking libnginx-mod-mail (1.18.0-6ubuntu14.8) ...
1776326247,,ui,say,==> control-server.amazon-ebs.control_server: Selecting previously unselected package libnginx-mod-stream.
1776326247,,ui,say,==> control-server.amazon-ebs.control_server: Preparing to unpack .../16-libnginx-mod-stream_1.18.0-6ubuntu14.8_amd64.deb ...
1776326247,,ui,say,==> control-server.amazon-ebs.control_server: Unpacking libnginx-mod-stream (1.18.0-6ubuntu14.8) ...
1776326247,,ui,say,==> control-server.amazon-ebs.control_server: Selecting previously unselected package libnginx-mod-stream-geoip2.
1776326247,,ui,say,==> control-server.amazon-ebs.control_server: Preparing to unpack .../17-libnginx-mod-stream-geoip2_1.18.0-6ubuntu14.8_amd64.deb ...
1776326247,,ui,say,==> control-server.amazon-ebs.control_server: Unpacking libnginx-mod-stream-geoip2 (1.18.0-6ubuntu14.8) ...
1776326247,,ui,say,==> control-server.amazon-ebs.control_server: Selecting previously unselected package nginx-core.
1776326247,,ui,say,==> control-server.amazon-ebs.control_server: Preparing to unpack .../18-nginx-core_1.18.0-6ubuntu14.8_amd64.deb ...
1776326247,,ui,say,==> control-server.amazon-ebs.control_server: Unpacking nginx-core (1.18.0-6ubuntu14.8) ...
1776326247,,ui,say,==> control-server.amazon-ebs.control_server: Selecting previously unselected package nginx.
1776326247,,ui,say,==> control-server.amazon-ebs.control_server: Preparing to unpack .../19-nginx_1.18.0-6ubuntu14.8_amd64.deb ...
1776326247,,ui,say,==> control-server.amazon-ebs.control_server: Unpacking nginx (1.18.0-6ubuntu14.8) ...
1776326247,,ui,say,==> control-server.amazon-ebs.control_server: Setting up libxpm4:amd64 (1:3.5.12-1ubuntu0.22.04.2) ...
1776326247,,ui,say,==> control-server.amazon-ebs.control_server: Setting up libdeflate0:amd64 (1.10-2) ...
1776326247,,ui,say,==> control-server.amazon-ebs.control_server: Setting up nginx-common (1.18.0-6ubuntu14.8) ...
1776326247,,ui,say,==> control-server.amazon-ebs.control_server: debconf: unable to initialize frontend: Dialog
1776326247,,ui,say,==> control-server.amazon-ebs.control_server: debconf: (Dialog frontend will not work on a dumb terminal%!(PACKER_COMMA) an emacs shell buffer%!(PACKER_COMMA) or without a controlling terminal.)
1776326247,,ui,say,==> control-server.amazon-ebs.control_server: debconf: falling back to frontend: Readline
1776326248,,ui,say,==> control-server.amazon-ebs.control_server: Created symlink /etc/systemd/system/multi-user.target.wants/nginx.service → /lib/systemd/system/nginx.service.
1776326248,,ui,say,==> control-server.amazon-ebs.control_server: Setting up libjbig0:amd64 (2.1-3.1ubuntu0.22.04.1) ...
1776326248,,ui,say,==> control-server.amazon-ebs.control_server: Setting up libnginx-mod-http-xslt-filter (1.18.0-6ubuntu14.8) ...
1776326248,,ui,say,==> control-server.amazon-ebs.control_server: Setting up fonts-dejavu-core (2.37-2build1) ...
1776326248,,ui,say,==> control-server.amazon-ebs.control_server: Setting up libjpeg-turbo8:amd64 (2.1.2-0ubuntu1) ...
1776326248,,ui,say,==> control-server.amazon-ebs.control_server: Setting up libwebp7:amd64 (1.2.2-2ubuntu0.22.04.2) ...
1776326248,,ui,say,==> control-server.amazon-ebs.control_server: Setting up libnginx-mod-http-geoip2 (1.18.0-6ubuntu14.8) ...
1776326248,,ui,say,==> control-server.amazon-ebs.control_server: Setting up libjpeg8:amd64 (8c-2ubuntu10) ...
1776326248,,ui,say,==> control-server.amazon-ebs.control_server: Setting up libnginx-mod-mail (1.18.0-6ubuntu14.8) ...
1776326248,,ui,say,==> control-server.amazon-ebs.control_server: Setting up fontconfig-config (2.13.1-4.2ubuntu5) ...
1776326249,,ui,say,==> control-server.amazon-ebs.control_server: Setting up libnginx-mod-stream (1.18.0-6ubuntu14.8) ...
1776326249,,ui,say,==> control-server.amazon-ebs.control_server: Setting up libtiff5:amd64 (4.3.0-6ubuntu0.13) ...
1776326249,,ui,say,==> control-server.amazon-ebs.control_server: Setting up libfontconfig1:amd64 (2.13.1-4.2ubuntu5) ...
1776326249,,ui,say,==> control-server.amazon-ebs.control_server: Setting up libnginx-mod-stream-geoip2 (1.18.0-6ubuntu14.8) ...
1776326249,,ui,say,==> control-server.amazon-ebs.control_server: Setting up libgd3:amd64 (2.3.0-2ubuntu2.3) ...
1776326249,,ui,say,==> control-server.amazon-ebs.control_server: Setting up libnginx-mod-http-image-filter (1.18.0-6ubuntu14.8) ...
1776326249,,ui,say,==> control-server.amazon-ebs.control_server: Setting up nginx-core (1.18.0-6ubuntu14.8) ...
1776326249,,ui,say,==> control-server.amazon-ebs.control_server:  * Upgrading binary nginx
1776326250,,ui,say,==> control-server.amazon-ebs.control_server:    ...done.
1776326250,,ui,say,==> control-server.amazon-ebs.control_server: Setting up nginx (1.18.0-6ubuntu14.8) ...
1776326250,,ui,say,==> control-server.amazon-ebs.control_server: Processing triggers for ufw (0.36.1-4ubuntu0.1) ...
1776326250,,ui,say,==> control-server.amazon-ebs.control_server: Processing triggers for man-db (2.10.2-1) ...
1776326250,,ui,say,==> control-server.amazon-ebs.control_server: Processing triggers for libc-bin (2.35-0ubuntu3.13) ...
1776326251,,ui,say,==> control-server.amazon-ebs.control_server:
1776326251,,ui,say,==> control-server.amazon-ebs.control_server: Running kernel seems to be up-to-date.
1776326251,,ui,say,==> control-server.amazon-ebs.control_server:
1776326251,,ui,say,==> control-server.amazon-ebs.control_server: Services to be restarted:
1776326251,,ui,say,==> control-server.amazon-ebs.control_server:  systemctl restart packagekit.service
1776326251,,ui,say,==> control-server.amazon-ebs.control_server:
1776326251,,ui,say,==> control-server.amazon-ebs.control_server: No containers need to be restarted.
1776326251,,ui,say,==> control-server.amazon-ebs.control_server:
1776326251,,ui,say,==> control-server.amazon-ebs.control_server: No user sessions are running outdated binaries.
1776326251,,ui,say,==> control-server.amazon-ebs.control_server:
1776326251,,ui,say,==> control-server.amazon-ebs.control_server: No VM guests are running outdated hypervisor (qemu) binaries on this host.
1776326253,,ui,error,==> control-server.amazon-ebs.control_server: Synchronizing state of nginx.service with SysV service script with /lib/systemd/systemd-sysv-install.
1776326253,,ui,error,==> control-server.amazon-ebs.control_server: Executing: /lib/systemd/systemd-sysv-install enable nginx
1776326254,,ui,say,==> control-server.amazon-ebs.control_server: Provisioning with shell script: /var/folders/5s/5htvl7wx4_3551yjw2wzpxr80000gn/T/packer-shell2861840138
1776326254,,ui,say,==> control-server.amazon-ebs.control_server: >>> Phase 4: Deploy Nginx and app configuration
1776326255,,ui,error,==> control-server.amazon-ebs.control_server: nginx: the configuration file /etc/nginx/nginx.conf syntax is ok
1776326255,,ui,error,==> control-server.amazon-ebs.control_server: nginx: configuration file /etc/nginx/nginx.conf test is successful
1776326255,,ui,say,==> control-server.amazon-ebs.control_server: Provisioning with shell script: /var/folders/5s/5htvl7wx4_3551yjw2wzpxr80000gn/T/packer-shell671796087
1776326255,,ui,say,==> control-server.amazon-ebs.control_server: >>> Phase 5a: Install Docker
1776326255,,ui,say,==> control-server.amazon-ebs.control_server: Hit:1 http://us-east-1.ec2.archive.ubuntu.com/ubuntu jammy InRelease
1776326255,,ui,say,==> control-server.amazon-ebs.control_server: Hit:2 http://us-east-1.ec2.archive.ubuntu.com/ubuntu jammy-updates InRelease
1776326255,,ui,say,==> control-server.amazon-ebs.control_server: Hit:3 http://us-east-1.ec2.archive.ubuntu.com/ubuntu jammy-backports InRelease
1776326255,,ui,say,==> control-server.amazon-ebs.control_server: Get:4 https://download.docker.com/linux/ubuntu jammy InRelease [48.5 kB]
1776326256,,ui,say,==> control-server.amazon-ebs.control_server: Get:5 https://download.docker.com/linux/ubuntu jammy/stable amd64 Packages [74.8 kB]
1776326265,,ui,say,==> control-server.amazon-ebs.control_server: Hit:6 http://security.ubuntu.com/ubuntu jammy-security InRelease
1776326265,,ui,say,==> control-server.amazon-ebs.control_server: Fetched 123 kB in 10s (12.6 kB/s)
1776326270,,ui,say,==> control-server.amazon-ebs.control_server: Reading package lists...
1776326270,,ui,say,==> control-server.amazon-ebs.control_server: Reading package lists...
1776326270,,ui,say,==> control-server.amazon-ebs.control_server: Building dependency tree...
1776326270,,ui,say,==> control-server.amazon-ebs.control_server: Reading state information...
1776326270,,ui,say,==> control-server.amazon-ebs.control_server: The following additional packages will be installed:
1776326270,,ui,say,==> control-server.amazon-ebs.control_server:   docker-buildx-plugin docker-ce-rootless-extras libslirp0 pigz slirp4netns
1776326270,,ui,say,==> control-server.amazon-ebs.control_server: Suggested packages:
1776326270,,ui,say,==> control-server.amazon-ebs.control_server:   cgroupfs-mount | cgroup-lite docker-model-plugin
1776326270,,ui,say,==> control-server.amazon-ebs.control_server: The following NEW packages will be installed:
1776326270,,ui,say,==> control-server.amazon-ebs.control_server:   containerd.io docker-buildx-plugin docker-ce docker-ce-cli
1776326270,,ui,say,==> control-server.amazon-ebs.control_server:   docker-ce-rootless-extras docker-compose-plugin libslirp0 pigz slirp4netns
1776326270,,ui,say,==> control-server.amazon-ebs.control_server: 0 upgraded%!(PACKER_COMMA) 9 newly installed%!(PACKER_COMMA) 0 to remove and 5 not upgraded.
1776326270,,ui,say,==> control-server.amazon-ebs.control_server: Need to get 94.8 MB of archives.
1776326270,,ui,say,==> control-server.amazon-ebs.control_server: After this operation%!(PACKER_COMMA) 365 MB of additional disk space will be used.
1776326270,,ui,say,==> control-server.amazon-ebs.control_server: Get:1 http://us-east-1.ec2.archive.ubuntu.com/ubuntu jammy/universe amd64 pigz amd64 2.6-1 [63.6 kB]
1776326270,,ui,say,==> control-server.amazon-ebs.control_server: Get:2 http://us-east-1.ec2.archive.ubuntu.com/ubuntu jammy/main amd64 libslirp0 amd64 4.6.1-1build1 [61.5 kB]
1776326270,,ui,say,==> control-server.amazon-ebs.control_server: Get:3 http://us-east-1.ec2.archive.ubuntu.com/ubuntu jammy/universe amd64 slirp4netns amd64 1.0.1-2 [28.2 kB]
1776326270,,ui,say,==> control-server.amazon-ebs.control_server: Get:4 https://download.docker.com/linux/ubuntu jammy/stable amd64 containerd.io amd64 2.2.3-1~ubuntu.22.04~jammy [23.6 MB]
1776326271,,ui,say,==> control-server.amazon-ebs.control_server: Get:5 https://download.docker.com/linux/ubuntu jammy/stable amd64 docker-ce-cli amd64 5:29.4.0-1~ubuntu.22.04~jammy [16.9 MB]
1776326271,,ui,say,==> control-server.amazon-ebs.control_server: Get:6 https://download.docker.com/linux/ubuntu jammy/stable amd64 docker-ce amd64 5:29.4.0-1~ubuntu.22.04~jammy [22.7 MB]
1776326271,,ui,say,==> control-server.amazon-ebs.control_server: Get:7 https://download.docker.com/linux/ubuntu jammy/stable amd64 docker-buildx-plugin amd64 0.33.0-1~ubuntu.22.04~jammy [16.9 MB]
1776326271,,ui,say,==> control-server.amazon-ebs.control_server: Get:8 https://download.docker.com/linux/ubuntu jammy/stable amd64 docker-ce-rootless-extras amd64 5:29.4.0-1~ubuntu.22.04~jammy [6561 kB]
1776326271,,ui,say,==> control-server.amazon-ebs.control_server: Get:9 https://download.docker.com/linux/ubuntu jammy/stable amd64 docker-compose-plugin amd64 5.1.3-1~ubuntu.22.04~jammy [8023 kB]
1776326272,,ui,say,==> control-server.amazon-ebs.control_server: Fetched 94.8 MB in 1s (88.6 MB/s)
1776326272,,ui,error,==> control-server.amazon-ebs.control_server: debconf: unable to initialize frontend: Dialog
1776326272,,ui,error,==> control-server.amazon-ebs.control_server: debconf: (Dialog frontend will not work on a dumb terminal%!(PACKER_COMMA) an emacs shell buffer%!(PACKER_COMMA) or without a controlling terminal.)
1776326272,,ui,error,==> control-server.amazon-ebs.control_server: debconf: falling back to frontend: Readline
1776326272,,ui,error,==> control-server.amazon-ebs.control_server: debconf: unable to initialize frontend: Readline
1776326272,,ui,error,==> control-server.amazon-ebs.control_server: debconf: (This frontend requires a controlling tty.)
1776326272,,ui,error,==> control-server.amazon-ebs.control_server: debconf: falling back to frontend: Teletype
1776326272,,ui,error,==> control-server.amazon-ebs.control_server: dpkg-preconfigure: unable to re-open stdin:
1776326272,,ui,say,==> control-server.amazon-ebs.control_server: Selecting previously unselected package containerd.io.
1776326272,,ui,say,==> control-server.amazon-ebs.control_server: (Reading database ... 66362 files and directories currently installed.)
1776326272,,ui,say,==> control-server.amazon-ebs.control_server: Preparing to unpack .../0-containerd.io_2.2.3-1~ubuntu.22.04~jammy_amd64.deb ...
1776326272,,ui,say,==> control-server.amazon-ebs.control_server: Unpacking containerd.io (2.2.3-1~ubuntu.22.04~jammy) ...
1776326275,,ui,say,==> control-server.amazon-ebs.control_server: Selecting previously unselected package docker-ce-cli.
1776326275,,ui,say,==> control-server.amazon-ebs.control_server: Preparing to unpack .../1-docker-ce-cli_5%3a29.4.0-1~ubuntu.22.04~jammy_amd64.deb ...
1776326275,,ui,say,==> control-server.amazon-ebs.control_server: Unpacking docker-ce-cli (5:29.4.0-1~ubuntu.22.04~jammy) ...
1776326276,,ui,say,==> control-server.amazon-ebs.control_server: Selecting previously unselected package docker-ce.
1776326276,,ui,say,==> control-server.amazon-ebs.control_server: Preparing to unpack .../2-docker-ce_5%3a29.4.0-1~ubuntu.22.04~jammy_amd64.deb ...
1776326276,,ui,say,==> control-server.amazon-ebs.control_server: Unpacking docker-ce (5:29.4.0-1~ubuntu.22.04~jammy) ...
1776326278,,ui,say,==> control-server.amazon-ebs.control_server: Selecting previously unselected package pigz.
1776326278,,ui,say,==> control-server.amazon-ebs.control_server: Preparing to unpack .../3-pigz_2.6-1_amd64.deb ...
1776326278,,ui,say,==> control-server.amazon-ebs.control_server: Unpacking pigz (2.6-1) ...
1776326278,,ui,say,==> control-server.amazon-ebs.control_server: Selecting previously unselected package docker-buildx-plugin.
1776326278,,ui,say,==> control-server.amazon-ebs.control_server: Preparing to unpack .../4-docker-buildx-plugin_0.33.0-1~ubuntu.22.04~jammy_amd64.deb ...
1776326278,,ui,say,==> control-server.amazon-ebs.control_server: Unpacking docker-buildx-plugin (0.33.0-1~ubuntu.22.04~jammy) ...
1776326280,,ui,say,==> control-server.amazon-ebs.control_server: Selecting previously unselected package docker-ce-rootless-extras.
1776326280,,ui,say,==> control-server.amazon-ebs.control_server: Preparing to unpack .../5-docker-ce-rootless-extras_5%3a29.4.0-1~ubuntu.22.04~jammy_amd64.deb ...
1776326280,,ui,say,==> control-server.amazon-ebs.control_server: Unpacking docker-ce-rootless-extras (5:29.4.0-1~ubuntu.22.04~jammy) ...
1776326280,,ui,say,==> control-server.amazon-ebs.control_server: Selecting previously unselected package docker-compose-plugin.
1776326280,,ui,say,==> control-server.amazon-ebs.control_server: Preparing to unpack .../6-docker-compose-plugin_5.1.3-1~ubuntu.22.04~jammy_amd64.deb ...
1776326280,,ui,say,==> control-server.amazon-ebs.control_server: Unpacking docker-compose-plugin (5.1.3-1~ubuntu.22.04~jammy) ...
1776326282,,ui,say,==> control-server.amazon-ebs.control_server: Selecting previously unselected package libslirp0:amd64.
1776326282,,ui,say,==> control-server.amazon-ebs.control_server: Preparing to unpack .../7-libslirp0_4.6.1-1build1_amd64.deb ...
1776326282,,ui,say,==> control-server.amazon-ebs.control_server: Unpacking libslirp0:amd64 (4.6.1-1build1) ...
1776326282,,ui,say,==> control-server.amazon-ebs.control_server: Selecting previously unselected package slirp4netns.
1776326282,,ui,say,==> control-server.amazon-ebs.control_server: Preparing to unpack .../8-slirp4netns_1.0.1-2_amd64.deb ...
1776326282,,ui,say,==> control-server.amazon-ebs.control_server: Unpacking slirp4netns (1.0.1-2) ...
1776326282,,ui,say,==> control-server.amazon-ebs.control_server: Setting up docker-buildx-plugin (0.33.0-1~ubuntu.22.04~jammy) ...
1776326282,,ui,say,==> control-server.amazon-ebs.control_server: Setting up containerd.io (2.2.3-1~ubuntu.22.04~jammy) ...
1776326282,,ui,say,==> control-server.amazon-ebs.control_server: Created symlink /etc/systemd/system/multi-user.target.wants/containerd.service → /lib/systemd/system/containerd.service.
1776326283,,ui,say,==> control-server.amazon-ebs.control_server: Setting up docker-compose-plugin (5.1.3-1~ubuntu.22.04~jammy) ...
1776326283,,ui,say,==> control-server.amazon-ebs.control_server: Setting up docker-ce-cli (5:29.4.0-1~ubuntu.22.04~jammy) ...
1776326283,,ui,say,==> control-server.amazon-ebs.control_server: Setting up libslirp0:amd64 (4.6.1-1build1) ...
1776326283,,ui,say,==> control-server.amazon-ebs.control_server: Setting up pigz (2.6-1) ...
1776326283,,ui,say,==> control-server.amazon-ebs.control_server: Setting up docker-ce-rootless-extras (5:29.4.0-1~ubuntu.22.04~jammy) ...
1776326283,,ui,say,==> control-server.amazon-ebs.control_server: Setting up slirp4netns (1.0.1-2) ...
1776326283,,ui,say,==> control-server.amazon-ebs.control_server: Setting up docker-ce (5:29.4.0-1~ubuntu.22.04~jammy) ...
1776326284,,ui,say,==> control-server.amazon-ebs.control_server: Created symlink /etc/systemd/system/multi-user.target.wants/docker.service → /lib/systemd/system/docker.service.
1776326284,,ui,say,==> control-server.amazon-ebs.control_server: Created symlink /etc/systemd/system/sockets.target.wants/docker.socket → /lib/systemd/system/docker.socket.
1776326285,,ui,say,==> control-server.amazon-ebs.control_server: Processing triggers for man-db (2.10.2-1) ...
1776326286,,ui,say,==> control-server.amazon-ebs.control_server: Processing triggers for libc-bin (2.35-0ubuntu3.13) ...
1776326287,,ui,say,==> control-server.amazon-ebs.control_server:
1776326287,,ui,say,==> control-server.amazon-ebs.control_server: Running kernel seems to be up-to-date.
1776326287,,ui,say,==> control-server.amazon-ebs.control_server:
1776326287,,ui,say,==> control-server.amazon-ebs.control_server: Services to be restarted:
1776326287,,ui,say,==> control-server.amazon-ebs.control_server:  systemctl restart packagekit.service
1776326287,,ui,say,==> control-server.amazon-ebs.control_server:
1776326287,,ui,say,==> control-server.amazon-ebs.control_server: No containers need to be restarted.
1776326287,,ui,say,==> control-server.amazon-ebs.control_server:
1776326287,,ui,say,==> control-server.amazon-ebs.control_server: No user sessions are running outdated binaries.
1776326287,,ui,say,==> control-server.amazon-ebs.control_server:
1776326287,,ui,say,==> control-server.amazon-ebs.control_server: No VM guests are running outdated hypervisor (qemu) binaries on this host.
1776326289,,ui,error,==> control-server.amazon-ebs.control_server: Synchronizing state of docker.service with SysV service script with /lib/systemd/systemd-sysv-install.
1776326289,,ui,error,==> control-server.amazon-ebs.control_server: Executing: /lib/systemd/systemd-sysv-install enable docker
1776326290,,ui,say,==> control-server.amazon-ebs.control_server: Provisioning with shell script: /var/folders/5s/5htvl7wx4_3551yjw2wzpxr80000gn/T/packer-shell3657063168
1776326291,,ui,say,==> control-server.amazon-ebs.control_server: >>> Phase 5b: Install AWS CLI v2
1776326296,,ui,say,==> control-server.amazon-ebs.control_server: You can now run: /usr/local/bin/aws --version
1776326297,,ui,say,==> control-server.amazon-ebs.control_server: aws-cli/2.34.30 Python/3.14.4 Linux/6.8.0-1051-aws exe/x86_64.ubuntu.22
1776326298,,ui,say,==> control-server.amazon-ebs.control_server: Provisioning with shell script: /var/folders/5s/5htvl7wx4_3551yjw2wzpxr80000gn/T/packer-shell3940635029
1776326298,,ui,say,==> control-server.amazon-ebs.control_server: >>> Phase 5c: Install / enable SSM Agent
1776326305,,ui,error,==> control-server.amazon-ebs.control_server: snap "amazon-ssm-agent" is already installed%!(PACKER_COMMA) see 'snap help refresh'
1776326307,,ui,say,==> control-server.amazon-ebs.control_server: Provisioning with shell script: /var/folders/5s/5htvl7wx4_3551yjw2wzpxr80000gn/T/packer-shell2732921860
1776326307,,ui,say,==> control-server.amazon-ebs.control_server: >>> Phase 6: Hardening & cleanup
1776326307,,ui,say,==> control-server.amazon-ebs.control_server: Rules updated
1776326307,,ui,say,==> control-server.amazon-ebs.control_server: Rules updated (v6)
1776326308,,ui,say,==> control-server.amazon-ebs.control_server: Rules updated
1776326308,,ui,say,==> control-server.amazon-ebs.control_server: Rules updated (v6)
1776326308,,ui,say,==> control-server.amazon-ebs.control_server: Rules updated
1776326308,,ui,say,==> control-server.amazon-ebs.control_server: Rules updated (v6)
1776326311,,ui,say,==> control-server.amazon-ebs.control_server: Command may disrupt existing ssh connections. Proceed with operation (y|n)? Firewall is active and enabled on system startup
1776326312,,ui,say,==> control-server.amazon-ebs.control_server: Reading package lists...
1776326313,,ui,say,==> control-server.amazon-ebs.control_server: Building dependency tree...
1776326313,,ui,say,==> control-server.amazon-ebs.control_server: Reading state information...
1776326315,,ui,say,==> control-server.amazon-ebs.control_server: unattended-upgrades is already the newest version (2.8ubuntu1).
1776326315,,ui,say,==> control-server.amazon-ebs.control_server: unattended-upgrades set to manually installed.
1776326315,,ui,say,==> control-server.amazon-ebs.control_server: 0 upgraded%!(PACKER_COMMA) 0 newly installed%!(PACKER_COMMA) 0 to remove and 5 not upgraded.
1776326322,,ui,say,==> control-server.amazon-ebs.control_server: Reading package lists...
1776326324,,ui,say,==> control-server.amazon-ebs.control_server: Building dependency tree...
1776326324,,ui,say,==> control-server.amazon-ebs.control_server: Reading state information...
1776326326,,ui,say,==> control-server.amazon-ebs.control_server: 0 upgraded%!(PACKER_COMMA) 0 newly installed%!(PACKER_COMMA) 0 to remove and 5 not upgraded.
1776326328,,ui,say,==> control-server.amazon-ebs.control_server: >>> Build complete!
1776326328,,ui,say,==> control-server.amazon-ebs.control_server: Stopping the source instance...
1776326328,,ui,say,==> control-server.amazon-ebs.control_server: Stopping instance
1776326329,,ui,say,==> control-server.amazon-ebs.control_server: Waiting for the instance to stop...
1776326367,,ui,say,==> control-server.amazon-ebs.control_server: Creating AMI control-server-20260416-074956 from instance i-07dc52a1b71b2056e
1776326367,,ui,say,==> control-server.amazon-ebs.control_server: Attaching run tags to AMI...
1776326367,,ui,say,==> control-server.amazon-ebs.control_server: AMI: ami-06d5284c57adf3480
1776326367,,ui,say,==> control-server.amazon-ebs.control_server: Waiting for AMI to become ready...
1776326578,,ui,say,==> control-server.amazon-ebs.control_server: Skipping Enable AMI deprecation...
1776326578,,ui,say,==> control-server.amazon-ebs.control_server: Skipping Enable AMI deregistration protection...
1776326578,,ui,say,==> control-server.amazon-ebs.control_server: Adding tags to AMI (ami-06d5284c57adf3480)...
1776326578,,ui,say,==> control-server.amazon-ebs.control_server: Tagging snapshot: snap-08bc06c79b1385140
1776326578,,ui,say,==> control-server.amazon-ebs.control_server: Creating AMI tags
1776326578,,ui,say,==> control-server.amazon-ebs.control_server: Adding tag: "BuildTime": "20260416-074956"
1776326578,,ui,say,==> control-server.amazon-ebs.control_server: Adding tag: "Environment": "production"
1776326578,,ui,say,==> control-server.amazon-ebs.control_server: Adding tag: "ManagedBy": "Packer"
1776326578,,ui,say,==> control-server.amazon-ebs.control_server: Adding tag: "Name": "control-server-20260416-074956"
1776326578,,ui,say,==> control-server.amazon-ebs.control_server: Adding tag: "OS": "Ubuntu 22.04"
1776326578,,ui,say,==> control-server.amazon-ebs.control_server: Creating snapshot tags
1776326578,,ui,say,==> control-server.amazon-ebs.control_server: Terminating the source AWS instance...
1776326594,,ui,say,==> control-server.amazon-ebs.control_server: Cleaning up any extra volumes...
1776326594,,ui,say,==> control-server.amazon-ebs.control_server: No volumes to clean up%!(PACKER_COMMA) skipping
1776326594,,ui,say,==> control-server.amazon-ebs.control_server: Deleting temporary security group...
1776326594,,ui,say,==> control-server.amazon-ebs.control_server: Deleting temporary keypair...
1776326594,,ui,say,==> control-server.amazon-ebs.control_server: Running post-processor:  (type manifest)
1776326594,,ui,say,Build 'control-server.amazon-ebs.control_server' finished after 13 minutes 17 seconds.
1776326594,,ui,say,\n==> Wait completed after 13 minutes 17 seconds
1776326594,,ui,say,\n==> Builds finished. The artifacts of successful builds are:
1776326594,control-server.amazon-ebs.control_server,artifact-count,2
1776326594,control-server.amazon-ebs.control_server,artifact,0,builder-id,mitchellh.amazonebs
1776326594,control-server.amazon-ebs.control_server,artifact,0,id,us-east-1:ami-06d5284c57adf3480
1776326594,control-server.amazon-ebs.control_server,artifact,0,string,AMIs were created:\nus-east-1: ami-06d5284c57adf3480\n
1776326594,control-server.amazon-ebs.control_server,artifact,0,files-count,0
1776326594,control-server.amazon-ebs.control_server,artifact,0,end
1776326594,,ui,say,--> control-server.amazon-ebs.control_server: AMIs were created:\nus-east-1: ami-06d5284c57adf3480\n
1776326594,control-server.amazon-ebs.control_server,artifact,1,builder-id,mitchellh.amazonebs
1776326594,control-server.amazon-ebs.control_server,artifact,1,id,us-east-1:ami-06d5284c57adf3480
1776326594,control-server.amazon-ebs.control_server,artifact,1,string,AMIs were created:\nus-east-1: ami-06d5284c57adf3480\n
1776326594,control-server.amazon-ebs.control_server,artifact,1,files-count,0
1776326594,control-server.amazon-ebs.control_server,artifact,1,end
1776326594,,ui,say,--> control-server.amazon-ebs.control_server: AMIs were created:\nus-east-1: ami-06d5284c57adf3480\n
