1776323993,,ui,say,==> control-server.amazon-ebs.control_server: Prevalidating any provided VPC information
1776323993,,ui,say,==> control-server.amazon-ebs.control_server: Prevalidating AMI Name: control-server-20260416-071951
1776323993,,ui,say,==> control-server.amazon-ebs.control_server: Found Image ID: ami-05e86b3611c60b0b4
1776323993,,ui,say,==> control-server.amazon-ebs.control_server: Setting public IP address to true on instance without a subnet ID
1776323993,,ui,say,==> control-server.amazon-ebs.control_server: No VPC ID provided%!(PACKER_COMMA) Packer will use the default VPC
1776323993,,ui,say,==> control-server.amazon-ebs.control_server: Inferring subnet from the selected VPC "vpc-0f9f395644f840ac4"
1776323994,,ui,say,==> control-server.amazon-ebs.control_server: Set subnet as "subnet-04193ba62954ee54e"
1776323994,,ui,say,==> control-server.amazon-ebs.control_server: Creating temporary keypair: packer_69e08d97-05cd-8b71-49af-0145116f1ac4
1776323994,,ui,say,==> control-server.amazon-ebs.control_server: Creating temporary security group for this instance: packer_69e08d9a-6c84-e6c5-c80b-953098d6bb7d
1776323995,,ui,say,==> control-server.amazon-ebs.control_server: Authorizing access to port 22 from [0.0.0.0/0] in the temporary security groups...
1776323995,,ui,say,==> control-server.amazon-ebs.control_server: Launching a source AWS instance...
1776323995,,ui,say,==> control-server.amazon-ebs.control_server: Adding tag: "Name": "packer-builder-control-server"
1776323995,,ui,say,==> control-server.amazon-ebs.control_server: changing public IP address config to true for instance on subnet "subnet-04193ba62954ee54e"
1776323996,,ui,error,==> control-server.amazon-ebs.control_server: Error launching source instance: operation error EC2: RunInstances%!(PACKER_COMMA) https response error StatusCode: 400%!(PACKER_COMMA) RequestID: af25d78a-81df-4908-aab4-d61fef185319%!(PACKER_COMMA) api error InvalidParameterCombination: The specified instance type is not eligible for Free Tier. For a list of Free Tier instance types%!(PACKER_COMMA) run 'describe-instance-types' with the filter 'free-tier-eligible=true'.
1776323996,,ui,say,==> control-server.amazon-ebs.control_server: No volumes to clean up%!(PACKER_COMMA) skipping
1776323996,,ui,say,==> control-server.amazon-ebs.control_server: Deleting temporary security group...
1776323996,,ui,say,==> control-server.amazon-ebs.control_server: Deleting temporary keypair...
1776323997,,ui,error,Build 'control-server.amazon-ebs.control_server' errored after 4 seconds 593 milliseconds: Error launching source instance: operation error EC2: RunInstances%!(PACKER_COMMA) https response error StatusCode: 400%!(PACKER_COMMA) RequestID: af25d78a-81df-4908-aab4-d61fef185319%!(PACKER_COMMA) api error InvalidParameterCombination: The specified instance type is not eligible for Free Tier. For a list of Free Tier instance types%!(PACKER_COMMA) run 'describe-instance-types' with the filter 'free-tier-eligible=true'.
1776323997,,ui,say,\n==> Wait completed after 4 seconds 594 milliseconds
1776323997,,error-count,1
1776323997,,ui,error,\n==> Some builds didn't complete successfully and had errors:
1776323997,control-server.amazon-ebs.control_server,error,Error launching source instance: operation error EC2: RunInstances%!(PACKER_COMMA) https response error StatusCode: 400%!(PACKER_COMMA) RequestID: af25d78a-81df-4908-aab4-d61fef185319%!(PACKER_COMMA) api error InvalidParameterCombination: The specified instance type is not eligible for Free Tier. For a list of Free Tier instance types%!(PACKER_COMMA) run 'describe-instance-types' with the filter 'free-tier-eligible=true'.
1776323997,,ui,error,--> control-server.amazon-ebs.control_server: Error launching source instance: operation error EC2: RunInstances%!(PACKER_COMMA) https response error StatusCode: 400%!(PACKER_COMMA) RequestID: af25d78a-81df-4908-aab4-d61fef185319%!(PACKER_COMMA) api error InvalidParameterCombination: The specified instance type is not eligible for Free Tier. For a list of Free Tier instance types%!(PACKER_COMMA) run 'describe-instance-types' with the filter 'free-tier-eligible=true'.
1776323997,,ui,say,\n==> Builds finished but no artifacts were created.
