1776315583,,ui,say,==> control-server.amazon-ebs.control_server: Prevalidating any provided VPC information
1776315583,,ui,say,==> control-server.amazon-ebs.control_server: Prevalidating AMI Name: control-server-20260416-045941
1776315583,,ui,say,==> control-server.amazon-ebs.control_server: Found Image ID: ami-05e86b3611c60b0b4
1776315583,,ui,say,==> control-server.amazon-ebs.control_server: Setting public IP address to true on instance without a subnet ID
1776315583,,ui,say,==> control-server.amazon-ebs.control_server: No VPC ID provided%!(PACKER_COMMA) Packer will use the default VPC
1776315584,,ui,say,==> control-server.amazon-ebs.control_server: Inferring subnet from the selected VPC "vpc-0f9f395644f840ac4"
1776315584,,ui,say,==> control-server.amazon-ebs.control_server: Set subnet as "subnet-04193ba62954ee54e"
1776315584,,ui,say,==> control-server.amazon-ebs.control_server: Creating temporary keypair: packer_69e06cbd-a4d3-b1f7-ee5c-64ee24662d52
1776315584,,ui,say,==> control-server.amazon-ebs.control_server: Creating temporary security group for this instance: packer_69e06cc0-556b-5f81-817f-e5f27a869862
1776315585,,ui,say,==> control-server.amazon-ebs.control_server: Authorizing access to port 22 from [0.0.0.0/0] in the temporary security groups...
1776315585,,ui,say,==> control-server.amazon-ebs.control_server: Launching a source AWS instance...
1776315585,,ui,say,==> control-server.amazon-ebs.control_server: Adding tag: "Name": "packer-builder-control-server"
1776315585,,ui,say,==> control-server.amazon-ebs.control_server: changing public IP address config to true for instance on subnet "subnet-04193ba62954ee54e"
1776315586,,ui,error,==> control-server.amazon-ebs.control_server: Error launching source instance: operation error EC2: RunInstances%!(PACKER_COMMA) https response error StatusCode: 400%!(PACKER_COMMA) RequestID: c5d91e5b-5d5e-4e44-b732-df03418ad054%!(PACKER_COMMA) api error InvalidParameterCombination: The specified instance type is not eligible for Free Tier. For a list of Free Tier instance types%!(PACKER_COMMA) run 'describe-instance-types' with the filter 'free-tier-eligible=true'.
1776315586,,ui,say,==> control-server.amazon-ebs.control_server: No volumes to clean up%!(PACKER_COMMA) skipping
1776315586,,ui,say,==> control-server.amazon-ebs.control_server: Deleting temporary security group...
1776315586,,ui,say,==> control-server.amazon-ebs.control_server: Deleting temporary keypair...
1776315587,,ui,error,Build 'control-server.amazon-ebs.control_server' errored after 4 seconds 145 milliseconds: Error launching source instance: operation error EC2: RunInstances%!(PACKER_COMMA) https response error StatusCode: 400%!(PACKER_COMMA) RequestID: c5d91e5b-5d5e-4e44-b732-df03418ad054%!(PACKER_COMMA) api error InvalidParameterCombination: The specified instance type is not eligible for Free Tier. For a list of Free Tier instance types%!(PACKER_COMMA) run 'describe-instance-types' with the filter 'free-tier-eligible=true'.
1776315587,,ui,say,\n==> Wait completed after 4 seconds 146 milliseconds
1776315587,,error-count,1
1776315587,,ui,error,\n==> Some builds didn't complete successfully and had errors:
1776315587,control-server.amazon-ebs.control_server,error,Error launching source instance: operation error EC2: RunInstances%!(PACKER_COMMA) https response error StatusCode: 400%!(PACKER_COMMA) RequestID: c5d91e5b-5d5e-4e44-b732-df03418ad054%!(PACKER_COMMA) api error InvalidParameterCombination: The specified instance type is not eligible for Free Tier. For a list of Free Tier instance types%!(PACKER_COMMA) run 'describe-instance-types' with the filter 'free-tier-eligible=true'.
1776315587,,ui,error,--> control-server.amazon-ebs.control_server: Error launching source instance: operation error EC2: RunInstances%!(PACKER_COMMA) https response error StatusCode: 400%!(PACKER_COMMA) RequestID: c5d91e5b-5d5e-4e44-b732-df03418ad054%!(PACKER_COMMA) api error InvalidParameterCombination: The specified instance type is not eligible for Free Tier. For a list of Free Tier instance types%!(PACKER_COMMA) run 'describe-instance-types' with the filter 'free-tier-eligible=true'.
1776315587,,ui,say,\n==> Builds finished but no artifacts were created.
