1776315759,,ui,say,==> control-server.amazon-ebs.control_server: Prevalidating any provided VPC information
1776315759,,ui,say,==> control-server.amazon-ebs.control_server: Prevalidating AMI Name: control-server-20260416-050237
1776315759,,ui,say,==> control-server.amazon-ebs.control_server: Found Image ID: ami-05e86b3611c60b0b4
1776315759,,ui,say,==> control-server.amazon-ebs.control_server: Setting public IP address to true on instance without a subnet ID
1776315759,,ui,say,==> control-server.amazon-ebs.control_server: No VPC ID provided%!(PACKER_COMMA) Packer will use the default VPC
1776315759,,ui,say,==> control-server.amazon-ebs.control_server: Inferring subnet from the selected VPC "vpc-0f9f395644f840ac4"
1776315760,,ui,say,==> control-server.amazon-ebs.control_server: Set subnet as "subnet-04193ba62954ee54e"
1776315760,,ui,say,==> control-server.amazon-ebs.control_server: Creating temporary keypair: packer_69e06d6d-2448-a92d-7b03-1355f35e2544
1776315760,,ui,say,==> control-server.amazon-ebs.control_server: Creating temporary security group for this instance: packer_69e06d70-1224-c962-577b-d460aafcadbb
1776315761,,ui,say,==> control-server.amazon-ebs.control_server: Authorizing access to port 22 from [0.0.0.0/0] in the temporary security groups...
1776315761,,ui,say,==> control-server.amazon-ebs.control_server: Launching a source AWS instance...
1776315761,,ui,say,==> control-server.amazon-ebs.control_server: Adding tag: "Name": "packer-builder-control-server"
1776315761,,ui,say,==> control-server.amazon-ebs.control_server: changing public IP address config to true for instance on subnet "subnet-04193ba62954ee54e"
1776315762,,ui,say,==> control-server.amazon-ebs.control_server: Instance ID: i-0e8e174554eec0906
1776315762,,ui,say,==> control-server.amazon-ebs.control_server: Waiting for instance (i-0e8e174554eec0906) to become ready...
1776315778,,ui,say,==> control-server.amazon-ebs.control_server: Using SSH communicator to connect: 54.162.242.29
1776315778,,ui,say,==> control-server.amazon-ebs.control_server: Waiting for SSH to become available...
1776315780,,ui,say,==> control-server.amazon-ebs.control_server: Connected to SSH!
1776315780,,ui,say,==> control-server.amazon-ebs.control_server: Uploading ./files/nginx/default.conf => /tmp/nginx-default.conf
1776315780,,ui,say,==> control-server.amazon-ebs.control_server: Uploading ./files/nginx/nginx.conf => /tmp/nginx.conf
1776315780,,ui,say,==> control-server.amazon-ebs.control_server: Uploading ./files/nginx/snippets/ => /tmp/nginx-snippets
1776315780,,ui,say,==> control-server.amazon-ebs.control_server: Uploading ./files/app/ => /tmp/app-config
1776315781,,ui,say,==> control-server.amazon-ebs.control_server: Uploading ./files/systemd/ => /tmp/systemd-units
1776315781,,ui,say,==> control-server.amazon-ebs.control_server: Uploading ./files/scripts/ => /tmp/scripts
1776315781,,ui,say,==> control-server.amazon-ebs.control_server: Provisioning with shell script: /var/folders/5s/5htvl7wx4_3551yjw2wzpxr80000gn/T/packer-shell1118816681
1776315781,,ui,say,==> control-server.amazon-ebs.control_server: >>> Phase 2: System update & base packages
1776315782,,ui,say,==> control-server.amazon-ebs.control_server: Hit:1 http://archive.ubuntu.com/ubuntu jammy InRelease
1776315782,,ui,say,==> control-server.amazon-ebs.control_server: Get:2 http://archive.ubuntu.com/ubuntu jammy-updates InRelease [128 kB]
1776315782,,ui,say,==> control-server.amazon-ebs.control_server: Get:3 http://archive.ubuntu.com/ubuntu jammy-backports InRelease [127 kB]
1776315782,,ui,say,==> control-server.amazon-ebs.control_server: Get:4 http://archive.ubuntu.com/ubuntu jammy/universe amd64 Packages [14.1 MB]
1776315783,,ui,say,==> control-server.amazon-ebs.control_server: Get:5 http://archive.ubuntu.com/ubuntu jammy/universe Translation-en [5652 kB]
1776315783,,ui,say,==> control-server.amazon-ebs.control_server: Get:6 http://archive.ubuntu.com/ubuntu jammy/universe amd64 c-n-f Metadata [286 kB]
1776315783,,ui,say,==> control-server.amazon-ebs.control_server: Get:7 http://archive.ubuntu.com/ubuntu jammy/multiverse amd64 Packages [217 kB]
1776315783,,ui,say,==> control-server.amazon-ebs.control_server: Get:8 http://archive.ubuntu.com/ubuntu jammy/multiverse Translation-en [112 kB]
1776315783,,ui,say,==> control-server.amazon-ebs.control_server: Get:9 http://archive.ubuntu.com/ubuntu jammy/multiverse amd64 c-n-f Metadata [8372 B]
1776315783,,ui,say,==> control-server.amazon-ebs.control_server: Get:10 http://archive.ubuntu.com/ubuntu jammy-updates/main amd64 Packages [3400 kB]
1776315783,,ui,say,==> control-server.amazon-ebs.control_server: Get:11 http://archive.ubuntu.com/ubuntu jammy-updates/main Translation-en [518 kB]
1776315783,,ui,say,==> control-server.amazon-ebs.control_server: Get:12 http://archive.ubuntu.com/ubuntu jammy-updates/main amd64 c-n-f Metadata [19.6 kB]
1776315783,,ui,say,==> control-server.amazon-ebs.control_server: Get:13 http://archive.ubuntu.com/ubuntu jammy-updates/restricted amd64 Packages [5686 kB]
1776315784,,ui,say,==> control-server.amazon-ebs.control_server: Get:14 http://archive.ubuntu.com/ubuntu jammy-updates/restricted Translation-en [1091 kB]
1776315784,,ui,say,==> control-server.amazon-ebs.control_server: Get:15 http://archive.ubuntu.com/ubuntu jammy-updates/universe amd64 Packages [1262 kB]
1776315784,,ui,say,==> control-server.amazon-ebs.control_server: Get:16 http://archive.ubuntu.com/ubuntu jammy-updates/universe Translation-en [316 kB]
1776315784,,ui,say,==> control-server.amazon-ebs.control_server: Get:17 http://archive.ubuntu.com/ubuntu jammy-updates/universe amd64 c-n-f Metadata [30.5 kB]
1776315784,,ui,say,==> control-server.amazon-ebs.control_server: Get:18 http://archive.ubuntu.com/ubuntu jammy-updates/multiverse amd64 Packages [59.0 kB]
1776315784,,ui,say,==> control-server.amazon-ebs.control_server: Get:19 http://archive.ubuntu.com/ubuntu jammy-updates/multiverse Translation-en [13.5 kB]
1776315784,,ui,say,==> control-server.amazon-ebs.control_server: Get:20 http://archive.ubuntu.com/ubuntu jammy-updates/multiverse amd64 c-n-f Metadata [612 B]
1776315784,,ui,say,==> control-server.amazon-ebs.control_server: Get:21 http://archive.ubuntu.com/ubuntu jammy-backports/main amd64 Packages [69.4 kB]
1776315784,,ui,say,==> control-server.amazon-ebs.control_server: Get:22 http://archive.ubuntu.com/ubuntu jammy-backports/main Translation-en [11.5 kB]
1776315784,,ui,say,==> control-server.amazon-ebs.control_server: Get:23 http://archive.ubuntu.com/ubuntu jammy-backports/main amd64 c-n-f Metadata [412 B]
1776315784,,ui,say,==> control-server.amazon-ebs.control_server: Get:24 http://archive.ubuntu.com/ubuntu jammy-backports/restricted amd64 c-n-f Metadata [116 B]
1776315784,,ui,say,==> control-server.amazon-ebs.control_server: Get:25 http://archive.ubuntu.com/ubuntu jammy-backports/universe amd64 Packages [30.6 kB]
1776315784,,ui,say,==> control-server.amazon-ebs.control_server: Get:26 http://archive.ubuntu.com/ubuntu jammy-backports/universe Translation-en [16.9 kB]
1776315784,,ui,say,==> control-server.amazon-ebs.control_server: Get:27 http://archive.ubuntu.com/ubuntu jammy-backports/universe amd64 c-n-f Metadata [676 B]
1776315784,,ui,say,==> control-server.amazon-ebs.control_server: Get:28 http://archive.ubuntu.com/ubuntu jammy-backports/multiverse amd64 c-n-f Metadata [116 B]
1776315788,,ui,say,==> control-server.amazon-ebs.control_server: Get:29 http://security.ubuntu.com/ubuntu jammy-security InRelease [129 kB]
1776315788,,ui,say,==> control-server.amazon-ebs.control_server: Get:30 http://security.ubuntu.com/ubuntu jammy-security/main amd64 Packages [3114 kB]
1776315788,,ui,say,==> control-server.amazon-ebs.control_server: Get:31 http://security.ubuntu.com/ubuntu jammy-security/main Translation-en [445 kB]
1776315788,,ui,say,==> control-server.amazon-ebs.control_server: Get:32 http://security.ubuntu.com/ubuntu jammy-security/main amd64 c-n-f Metadata [14.1 kB]
1776315788,,ui,say,==> control-server.amazon-ebs.control_server: Get:33 http://security.ubuntu.com/ubuntu jammy-security/restricted amd64 Packages [5468 kB]
1776315788,,ui,say,==> control-server.amazon-ebs.control_server: Get:34 http://security.ubuntu.com/ubuntu jammy-security/restricted Translation-en [1051 kB]
1776315788,,ui,say,==> control-server.amazon-ebs.control_server: Get:35 http://security.ubuntu.com/ubuntu jammy-security/universe amd64 Packages [1025 kB]
1776315788,,ui,say,==> control-server.amazon-ebs.control_server: Get:36 http://security.ubuntu.com/ubuntu jammy-security/universe Translation-en [226 kB]
1776315788,,ui,say,==> control-server.amazon-ebs.control_server: Get:37 http://security.ubuntu.com/ubuntu jammy-security/universe amd64 c-n-f Metadata [22.8 kB]
1776315788,,ui,say,==> control-server.amazon-ebs.control_server: Get:38 http://security.ubuntu.com/ubuntu jammy-security/multiverse amd64 Packages [51.9 kB]
1776315788,,ui,say,==> control-server.amazon-ebs.control_server: Get:39 http://security.ubuntu.com/ubuntu jammy-security/multiverse Translation-en [10.6 kB]
1776315788,,ui,say,==> control-server.amazon-ebs.control_server: Get:40 http://security.ubuntu.com/ubuntu jammy-security/multiverse amd64 c-n-f Metadata [388 B]
1776315797,,ui,say,==> control-server.amazon-ebs.control_server: Fetched 44.7 MB in 9s (4987 kB/s)
1776315800,,ui,say,==> control-server.amazon-ebs.control_server: Reading package lists...
1776315801,,ui,say,==> control-server.amazon-ebs.control_server: Reading package lists...
1776315801,,ui,say,==> control-server.amazon-ebs.control_server: Building dependency tree...
1776315801,,ui,say,==> control-server.amazon-ebs.control_server: Reading state information...
1776315801,,ui,say,==> control-server.amazon-ebs.control_server: Calculating upgrade...
1776315801,,ui,say,==> control-server.amazon-ebs.control_server: The following packages will be upgraded:
1776315801,,ui,say,==> control-server.amazon-ebs.control_server:   libpolkit-agent-1-0 libpolkit-gobject-1-0 pkexec policykit-1 polkitd vim
1776315801,,ui,say,==> control-server.amazon-ebs.control_server:   vim-common vim-runtime vim-tiny xxd
1776315808,,ui,say,==> control-server.amazon-ebs.control_server: 10 upgraded%!(PACKER_COMMA) 0 newly installed%!(PACKER_COMMA) 0 to remove and 0 not upgraded.
1776315808,,ui,say,==> control-server.amazon-ebs.control_server: Need to get 9552 kB of archives.
1776315808,,ui,say,==> control-server.amazon-ebs.control_server: After this operation%!(PACKER_COMMA) 4096 B of additional disk space will be used.
1776315808,,ui,say,==> control-server.amazon-ebs.control_server: Get:1 http://security.ubuntu.com/ubuntu jammy-security/main amd64 vim amd64 2:8.2.3995-1ubuntu2.27 [1731 kB]
1776315808,,ui,say,==> control-server.amazon-ebs.control_server: Get:2 http://security.ubuntu.com/ubuntu jammy-security/main amd64 vim-tiny amd64 2:8.2.3995-1ubuntu2.27 [706 kB]
1776315808,,ui,say,==> control-server.amazon-ebs.control_server: Get:3 http://security.ubuntu.com/ubuntu jammy-security/main amd64 vim-runtime all 2:8.2.3995-1ubuntu2.27 [6825 kB]
1776315808,,ui,say,==> control-server.amazon-ebs.control_server: Get:4 http://security.ubuntu.com/ubuntu jammy-security/main amd64 xxd amd64 2:8.2.3995-1ubuntu2.27 [51.0 kB]
1776315808,,ui,say,==> control-server.amazon-ebs.control_server: Get:5 http://security.ubuntu.com/ubuntu jammy-security/main amd64 vim-common all 2:8.2.3995-1ubuntu2.27 [81.5 kB]
1776315808,,ui,say,==> control-server.amazon-ebs.control_server: Get:6 http://security.ubuntu.com/ubuntu jammy-security/main amd64 polkitd amd64 0.105-33ubuntu0.1 [80.1 kB]
1776315808,,ui,say,==> control-server.amazon-ebs.control_server: Get:7 http://security.ubuntu.com/ubuntu jammy-security/main amd64 policykit-1 amd64 0.105-33ubuntu0.1 [2438 B]
1776315808,,ui,say,==> control-server.amazon-ebs.control_server: Get:8 http://security.ubuntu.com/ubuntu jammy-security/main amd64 pkexec amd64 0.105-33ubuntu0.1 [15.2 kB]
1776315808,,ui,say,==> control-server.amazon-ebs.control_server: Get:9 http://security.ubuntu.com/ubuntu jammy-security/main amd64 libpolkit-agent-1-0 amd64 0.105-33ubuntu0.1 [16.9 kB]
1776315808,,ui,say,==> control-server.amazon-ebs.control_server: Get:10 http://security.ubuntu.com/ubuntu jammy-security/main amd64 libpolkit-gobject-1-0 amd64 0.105-33ubuntu0.1 [43.3 kB]
1776315808,,ui,error,==> control-server.amazon-ebs.control_server: debconf: unable to initialize frontend: Dialog
1776315808,,ui,error,==> control-server.amazon-ebs.control_server: debconf: (Dialog frontend will not work on a dumb terminal%!(PACKER_COMMA) an emacs shell buffer%!(PACKER_COMMA) or without a controlling terminal.)
1776315808,,ui,error,==> control-server.amazon-ebs.control_server: debconf: falling back to frontend: Readline
1776315808,,ui,error,==> control-server.amazon-ebs.control_server: debconf: unable to initialize frontend: Readline
1776315808,,ui,error,==> control-server.amazon-ebs.control_server: debconf: (This frontend requires a controlling tty.)
1776315808,,ui,error,==> control-server.amazon-ebs.control_server: debconf: falling back to frontend: Teletype
1776315808,,ui,error,==> control-server.amazon-ebs.control_server: dpkg-preconfigure: unable to re-open stdin:
1776315808,,ui,say,==> control-server.amazon-ebs.control_server: Fetched 9552 kB in 7s (1437 kB/s)
1776315808,,ui,say,==> control-server.amazon-ebs.control_server: (Reading database ... 66072 files and directories currently installed.)
1776315808,,ui,say,==> control-server.amazon-ebs.control_server: Preparing to unpack .../0-vim_2%3a8.2.3995-1ubuntu2.27_amd64.deb ...
1776315808,,ui,say,==> control-server.amazon-ebs.control_server: Unpacking vim (2:8.2.3995-1ubuntu2.27) over (2:8.2.3995-1ubuntu2.26) ...
1776315808,,ui,say,==> control-server.amazon-ebs.control_server: Preparing to unpack .../1-vim-tiny_2%3a8.2.3995-1ubuntu2.27_amd64.deb ...
1776315808,,ui,say,==> control-server.amazon-ebs.control_server: Unpacking vim-tiny (2:8.2.3995-1ubuntu2.27) over (2:8.2.3995-1ubuntu2.26) ...
1776315809,,ui,say,==> control-server.amazon-ebs.control_server: Preparing to unpack .../2-vim-runtime_2%3a8.2.3995-1ubuntu2.27_all.deb ...
1776315809,,ui,say,==> control-server.amazon-ebs.control_server: Unpacking vim-runtime (2:8.2.3995-1ubuntu2.27) over (2:8.2.3995-1ubuntu2.26) ...
1776315809,,ui,say,==> control-server.amazon-ebs.control_server: Preparing to unpack .../3-xxd_2%3a8.2.3995-1ubuntu2.27_amd64.deb ...
1776315809,,ui,say,==> control-server.amazon-ebs.control_server: Unpacking xxd (2:8.2.3995-1ubuntu2.27) over (2:8.2.3995-1ubuntu2.26) ...
1776315809,,ui,say,==> control-server.amazon-ebs.control_server: Preparing to unpack .../4-vim-common_2%3a8.2.3995-1ubuntu2.27_all.deb ...
1776315809,,ui,say,==> control-server.amazon-ebs.control_server: Unpacking vim-common (2:8.2.3995-1ubuntu2.27) over (2:8.2.3995-1ubuntu2.26) ...
1776315809,,ui,say,==> control-server.amazon-ebs.control_server: Preparing to unpack .../5-polkitd_0.105-33ubuntu0.1_amd64.deb ...
1776315809,,ui,say,==> control-server.amazon-ebs.control_server: Unpacking polkitd (0.105-33ubuntu0.1) over (0.105-33) ...
1776315809,,ui,say,==> control-server.amazon-ebs.control_server: Preparing to unpack .../6-policykit-1_0.105-33ubuntu0.1_amd64.deb ...
1776315809,,ui,say,==> control-server.amazon-ebs.control_server: Unpacking policykit-1 (0.105-33ubuntu0.1) over (0.105-33) ...
1776315810,,ui,say,==> control-server.amazon-ebs.control_server: Preparing to unpack .../7-pkexec_0.105-33ubuntu0.1_amd64.deb ...
1776315810,,ui,say,==> control-server.amazon-ebs.control_server: Unpacking pkexec (0.105-33ubuntu0.1) over (0.105-33) ...
1776315810,,ui,say,==> control-server.amazon-ebs.control_server: Preparing to unpack .../8-libpolkit-agent-1-0_0.105-33ubuntu0.1_amd64.deb ...
1776315810,,ui,say,==> control-server.amazon-ebs.control_server: Unpacking libpolkit-agent-1-0:amd64 (0.105-33ubuntu0.1) over (0.105-33) ...
1776315810,,ui,say,==> control-server.amazon-ebs.control_server: Preparing to unpack .../9-libpolkit-gobject-1-0_0.105-33ubuntu0.1_amd64.deb ...
1776315810,,ui,say,==> control-server.amazon-ebs.control_server: Unpacking libpolkit-gobject-1-0:amd64 (0.105-33ubuntu0.1) over (0.105-33) ...
1776315810,,ui,say,==> control-server.amazon-ebs.control_server: Setting up xxd (2:8.2.3995-1ubuntu2.27) ...
1776315810,,ui,say,==> control-server.amazon-ebs.control_server: Setting up vim-common (2:8.2.3995-1ubuntu2.27) ...
1776315810,,ui,say,==> control-server.amazon-ebs.control_server: Setting up vim-runtime (2:8.2.3995-1ubuntu2.27) ...
1776315810,,ui,say,==> control-server.amazon-ebs.control_server: Setting up libpolkit-gobject-1-0:amd64 (0.105-33ubuntu0.1) ...
1776315810,,ui,say,==> control-server.amazon-ebs.control_server: Setting up vim (2:8.2.3995-1ubuntu2.27) ...
1776315810,,ui,say,==> control-server.amazon-ebs.control_server: Setting up vim-tiny (2:8.2.3995-1ubuntu2.27) ...
1776315810,,ui,say,==> control-server.amazon-ebs.control_server: Setting up libpolkit-agent-1-0:amd64 (0.105-33ubuntu0.1) ...
1776315810,,ui,say,==> control-server.amazon-ebs.control_server: Setting up polkitd (0.105-33ubuntu0.1) ...
1776315810,,ui,say,==> control-server.amazon-ebs.control_server: Setting up pkexec (0.105-33ubuntu0.1) ...
1776315810,,ui,say,==> control-server.amazon-ebs.control_server: Setting up policykit-1 (0.105-33ubuntu0.1) ...
1776315810,,ui,say,==> control-server.amazon-ebs.control_server: Processing triggers for man-db (2.10.2-1) ...
1776315811,,ui,say,==> control-server.amazon-ebs.control_server: Processing triggers for dbus (1.12.20-2ubuntu4.1) ...
1776315811,,ui,say,==> control-server.amazon-ebs.control_server: Processing triggers for libc-bin (2.35-0ubuntu3.13) ...
1776315811,,ui,say,==> control-server.amazon-ebs.control_server:
1776315811,,ui,say,==> control-server.amazon-ebs.control_server: Running kernel seems to be up-to-date.
1776315811,,ui,say,==> control-server.amazon-ebs.control_server:
1776315811,,ui,say,==> control-server.amazon-ebs.control_server: Services to be restarted:
1776315811,,ui,say,==> control-server.amazon-ebs.control_server:  systemctl restart packagekit.service
1776315811,,ui,say,==> control-server.amazon-ebs.control_server:
1776315811,,ui,say,==> control-server.amazon-ebs.control_server: No containers need to be restarted.
1776315811,,ui,say,==> control-server.amazon-ebs.control_server:
1776315811,,ui,say,==> control-server.amazon-ebs.control_server: No user sessions are running outdated binaries.
1776315811,,ui,say,==> control-server.amazon-ebs.control_server:
1776315811,,ui,say,==> control-server.amazon-ebs.control_server: No VM guests are running outdated hypervisor (qemu) binaries on this host.
1776315812,,ui,say,==> control-server.amazon-ebs.control_server: Reading package lists...
1776315812,,ui,say,==> control-server.amazon-ebs.control_server: Building dependency tree...
1776315812,,ui,say,==> control-server.amazon-ebs.control_server: Reading state information...
1776315812,,ui,say,==> control-server.amazon-ebs.control_server: ca-certificates is already the newest version (20240203~22.04.1).
1776315812,,ui,say,==> control-server.amazon-ebs.control_server: ca-certificates set to manually installed.
1776315812,,ui,say,==> control-server.amazon-ebs.control_server: curl is already the newest version (7.81.0-1ubuntu1.23).
1776315812,,ui,say,==> control-server.amazon-ebs.control_server: curl set to manually installed.
1776315812,,ui,say,==> control-server.amazon-ebs.control_server: gnupg is already the newest version (2.2.27-3ubuntu2.5).
1776315812,,ui,say,==> control-server.amazon-ebs.control_server: gnupg set to manually installed.
1776315812,,ui,say,==> control-server.amazon-ebs.control_server: wget is already the newest version (1.21.2-2ubuntu1.1).
1776315812,,ui,say,==> control-server.amazon-ebs.control_server: wget set to manually installed.
1776315812,,ui,say,==> control-server.amazon-ebs.control_server: apt is already the newest version (2.4.14).
1776315812,,ui,say,==> control-server.amazon-ebs.control_server: apt set to manually installed.
1776315812,,ui,say,==> control-server.amazon-ebs.control_server: lsb-release is already the newest version (11.1.0ubuntu4).
1776315812,,ui,say,==> control-server.amazon-ebs.control_server: lsb-release set to manually installed.
1776315812,,ui,say,==> control-server.amazon-ebs.control_server: software-properties-common is already the newest version (0.99.22.9).
1776315812,,ui,say,==> control-server.amazon-ebs.control_server: software-properties-common set to manually installed.
1776315812,,ui,say,==> control-server.amazon-ebs.control_server: Some packages could not be installed. This may mean that you have
1776315812,,ui,say,==> control-server.amazon-ebs.control_server: requested an impossible situation or if you are using the unstable
1776315812,,ui,say,==> control-server.amazon-ebs.control_server: distribution that some required packages have not yet been created
1776315812,,ui,say,==> control-server.amazon-ebs.control_server: or been moved out of Incoming.
1776315812,,ui,say,==> control-server.amazon-ebs.control_server: The following information may help to resolve the situation:
1776315812,,ui,say,==> control-server.amazon-ebs.control_server:
1776315812,,ui,say,==> control-server.amazon-ebs.control_server: The following packages have unmet dependencies:
1776315812,,ui,say,==> control-server.amazon-ebs.control_server:  libjq1 : Depends: libonig5 (>= 6.8.1) but it is not installable
1776315812,,ui,error,==> control-server.amazon-ebs.control_server: E: Unable to correct problems%!(PACKER_COMMA) you have held broken packages.
1776315812,,ui,say,==> control-server.amazon-ebs.control_server: Provisioning step had errors: Running the cleanup provisioner%!(PACKER_COMMA) if present...
1776315812,,ui,say,==> control-server.amazon-ebs.control_server: Terminating the source AWS instance...
1776315847,,ui,say,==> control-server.amazon-ebs.control_server: Cleaning up any extra volumes...
1776315848,,ui,say,==> control-server.amazon-ebs.control_server: No volumes to clean up%!(PACKER_COMMA) skipping
1776315848,,ui,say,==> control-server.amazon-ebs.control_server: Deleting temporary security group...
1776315848,,ui,say,==> control-server.amazon-ebs.control_server: Deleting temporary keypair...
1776315848,,ui,error,Build 'control-server.amazon-ebs.control_server' errored after 1 minute 30 seconds: Script exited with non-zero exit status: 100. Allowed exit codes are: [0]
1776315848,,ui,say,\n==> Wait completed after 1 minute 30 seconds
1776315848,,error-count,1
1776315848,,ui,error,\n==> Some builds didn't complete successfully and had errors:
1776315848,control-server.amazon-ebs.control_server,error,Script exited with non-zero exit status: 100. Allowed exit codes are: [0]
1776315848,,ui,error,--> control-server.amazon-ebs.control_server: Script exited with non-zero exit status: 100. Allowed exit codes are: [0]
1776315848,,ui,say,\n==> Builds finished but no artifacts were created.
