1776323471,,ui,say,==> control-server.amazon-ebs.control_server: Prevalidating any provided VPC information
1776323471,,ui,say,==> control-server.amazon-ebs.control_server: Prevalidating AMI Name: control-server-20260416-071109
1776323471,,ui,say,==> control-server.amazon-ebs.control_server: Found Image ID: ami-05e86b3611c60b0b4
1776323471,,ui,say,==> control-server.amazon-ebs.control_server: Setting public IP address to true on instance without a subnet ID
1776323471,,ui,say,==> control-server.amazon-ebs.control_server: No VPC ID provided%!(PACKER_COMMA) Packer will use the default VPC
1776323471,,ui,say,==> control-server.amazon-ebs.control_server: Inferring subnet from the selected VPC "vpc-0f9f395644f840ac4"
1776323472,,ui,say,==> control-server.amazon-ebs.control_server: Set subnet as "subnet-04193ba62954ee54e"
1776323472,,ui,say,==> control-server.amazon-ebs.control_server: Creating temporary keypair: packer_69e08b8d-3a1e-99ab-db6d-2157457004bd
1776323472,,ui,say,==> control-server.amazon-ebs.control_server: Creating temporary security group for this instance: packer_69e08b90-41a0-3267-4bb6-b8c6563eef31
1776323473,,ui,say,==> control-server.amazon-ebs.control_server: Authorizing access to port 22 from [0.0.0.0/0] in the temporary security groups...
1776323473,,ui,say,==> control-server.amazon-ebs.control_server: Launching a source AWS instance...
1776323473,,ui,say,==> control-server.amazon-ebs.control_server: Adding tag: "Name": "packer-builder-control-server"
1776323473,,ui,say,==> control-server.amazon-ebs.control_server: changing public IP address config to true for instance on subnet "subnet-04193ba62954ee54e"
1776323474,,ui,error,==> control-server.amazon-ebs.control_server: Error launching source instance: operation error EC2: RunInstances%!(PACKER_COMMA) https response error StatusCode: 400%!(PACKER_COMMA) RequestID: 1187de18-fcfa-4ac3-a8d5-bb7e3ffaadb5%!(PACKER_COMMA) api error InvalidParameterCombination: The specified instance type is not eligible for Free Tier. For a list of Free Tier instance types%!(PACKER_COMMA) run 'describe-instance-types' with the filter 'free-tier-eligible=true'.
1776323474,,ui,say,==> control-server.amazon-ebs.control_server: No volumes to clean up%!(PACKER_COMMA) skipping
1776323474,,ui,say,==> control-server.amazon-ebs.control_server: Deleting temporary security group...
1776323474,,ui,say,==> control-server.amazon-ebs.control_server: Deleting temporary keypair...
1776323474,,ui,error,Build 'control-server.amazon-ebs.control_server' errored after 4 seconds 416 milliseconds: Error launching source instance: operation error EC2: RunInstances%!(PACKER_COMMA) https response error StatusCode: 400%!(PACKER_COMMA) RequestID: 1187de18-fcfa-4ac3-a8d5-bb7e3ffaadb5%!(PACKER_COMMA) api error InvalidParameterCombination: The specified instance type is not eligible for Free Tier. For a list of Free Tier instance types%!(PACKER_COMMA) run 'describe-instance-types' with the filter 'free-tier-eligible=true'.
1776323474,,ui,say,\n==> Wait completed after 4 seconds 418 milliseconds
1776323474,,error-count,1
1776323474,,ui,error,\n==> Some builds didn't complete successfully and had errors:
1776323474,control-server.amazon-ebs.control_server,error,Error launching source instance: operation error EC2: RunInstances%!(PACKER_COMMA) https response error StatusCode: 400%!(PACKER_COMMA) RequestID: 1187de18-fcfa-4ac3-a8d5-bb7e3ffaadb5%!(PACKER_COMMA) api error InvalidParameterCombination: The specified instance type is not eligible for Free Tier. For a list of Free Tier instance types%!(PACKER_COMMA) run 'describe-instance-types' with the filter 'free-tier-eligible=true'.
1776323474,,ui,error,--> control-server.amazon-ebs.control_server: Error launching source instance: operation error EC2: RunInstances%!(PACKER_COMMA) https response error StatusCode: 400%!(PACKER_COMMA) RequestID: 1187de18-fcfa-4ac3-a8d5-bb7e3ffaadb5%!(PACKER_COMMA) api error InvalidParameterCombination: The specified instance type is not eligible for Free Tier. For a list of Free Tier instance types%!(PACKER_COMMA) run 'describe-instance-types' with the filter 'free-tier-eligible=true'.
1776323474,,ui,say,\n==> Builds finished but no artifacts were created.
