1776315711,,ui,say,==> control-server.amazon-ebs.control_server: Prevalidating any provided VPC information
1776315711,,ui,say,==> control-server.amazon-ebs.control_server: Prevalidating AMI Name: control-server-20260416-050149
1776315711,,ui,say,==> control-server.amazon-ebs.control_server: Found Image ID: ami-05e86b3611c60b0b4
1776315711,,ui,say,==> control-server.amazon-ebs.control_server: Setting public IP address to true on instance without a subnet ID
1776315711,,ui,say,==> control-server.amazon-ebs.control_server: No VPC ID provided%!(PACKER_COMMA) Packer will use the default VPC
1776315711,,ui,say,==> control-server.amazon-ebs.control_server: Inferring subnet from the selected VPC "vpc-0f9f395644f840ac4"
1776315712,,ui,say,==> control-server.amazon-ebs.control_server: Failed to filter subnets/AZ for the requested machine type "t3.mic": no AZ match the requested machine type "t3.mic"
1776315712,,ui,say,==> control-server.amazon-ebs.control_server: This may result in Packer picking a subnet/AZ that can't host the requested machine type
1776315712,,ui,say,==> control-server.amazon-ebs.control_server: Please check that you have the permissions required to run DescribeInstanceTypeOfferings and try again.
1776315712,,ui,say,==> control-server.amazon-ebs.control_server: Set subnet as "subnet-04193ba62954ee54e"
1776315712,,ui,say,==> control-server.amazon-ebs.control_server: Creating temporary keypair: packer_69e06d3d-05f9-0199-7052-11aea3bd96c9
1776315712,,ui,say,==> control-server.amazon-ebs.control_server: Creating temporary security group for this instance: packer_69e06d40-c21f-2dbd-e042-a9441b3210ad
1776315713,,ui,say,==> control-server.amazon-ebs.control_server: Authorizing access to port 22 from [0.0.0.0/0] in the temporary security groups...
1776315713,,ui,say,==> control-server.amazon-ebs.control_server: Launching a source AWS instance...
1776315713,,ui,say,==> control-server.amazon-ebs.control_server: Adding tag: "Name": "packer-builder-control-server"
1776315713,,ui,say,==> control-server.amazon-ebs.control_server: changing public IP address config to true for instance on subnet "subnet-04193ba62954ee54e"
1776315713,,ui,error,==> control-server.amazon-ebs.control_server: Error launching source instance: operation error EC2: RunInstances%!(PACKER_COMMA) https response error StatusCode: 400%!(PACKER_COMMA) RequestID: 11acbe50-bb53-4eee-8663-9a3bbf46306d%!(PACKER_COMMA) api error InvalidParameterValue: Invalid value 't3.mic' for InstanceType.
1776315713,,ui,say,==> control-server.amazon-ebs.control_server: No volumes to clean up%!(PACKER_COMMA) skipping
1776315713,,ui,say,==> control-server.amazon-ebs.control_server: Deleting temporary security group...
1776315714,,ui,say,==> control-server.amazon-ebs.control_server: Deleting temporary keypair...
1776315714,,ui,error,Build 'control-server.amazon-ebs.control_server' errored after 4 seconds 199 milliseconds: Error launching source instance: operation error EC2: RunInstances%!(PACKER_COMMA) https response error StatusCode: 400%!(PACKER_COMMA) RequestID: 11acbe50-bb53-4eee-8663-9a3bbf46306d%!(PACKER_COMMA) api error InvalidParameterValue: Invalid value 't3.mic' for InstanceType.
1776315714,,ui,say,\n==> Wait completed after 4 seconds 200 milliseconds
1776315714,,error-count,1
1776315714,,ui,error,\n==> Some builds didn't complete successfully and had errors:
1776315714,control-server.amazon-ebs.control_server,error,Error launching source instance: operation error EC2: RunInstances%!(PACKER_COMMA) https response error StatusCode: 400%!(PACKER_COMMA) RequestID: 11acbe50-bb53-4eee-8663-9a3bbf46306d%!(PACKER_COMMA) api error InvalidParameterValue: Invalid value 't3.mic' for InstanceType.
1776315714,,ui,error,--> control-server.amazon-ebs.control_server: Error launching source instance: operation error EC2: RunInstances%!(PACKER_COMMA) https response error StatusCode: 400%!(PACKER_COMMA) RequestID: 11acbe50-bb53-4eee-8663-9a3bbf46306d%!(PACKER_COMMA) api error InvalidParameterValue: Invalid value 't3.mic' for InstanceType.
1776315714,,ui,say,\n==> Builds finished but no artifacts were created.
